Archive member included to satisfy reference by file (symbol)

/opt/libopencm3-examples/libopencm3/lib/libopencm3_stm32f1.a(gpio.o)
                              systick.o (gpio_set_mode)
/opt/libopencm3-examples/libopencm3/lib/libopencm3_stm32f1.a(rcc.o)
                              systick.o (rcc_clock_setup_in_hse_16mhz_out_72mhz)
/opt/libopencm3-examples/libopencm3/lib/libopencm3_stm32f1.a(gpio_common_all.o)
                              systick.o (gpio_set)
/opt/libopencm3-examples/libopencm3/lib/libopencm3_stm32f1.a(rcc_common_all.o)
                              systick.o (rcc_periph_clock_enable)
/opt/libopencm3-examples/libopencm3/lib/libopencm3_stm32f1.a(flash_common_f01.o)
                              /opt/libopencm3-examples/libopencm3/lib/libopencm3_stm32f1.a(rcc.o) (flash_set_ws)
/opt/libopencm3-examples/libopencm3/lib/libopencm3_stm32f1.a(vector.o)
                              (reset_handler)
/opt/libopencm3-examples/libopencm3/lib/libopencm3_stm32f1.a(systick.o)
                              systick.o (systick_set_reload)
/opt/libopencm3-examples/libopencm3/lib/libopencm3_stm32f1.a(assert.o)
                              /opt/libopencm3-examples/libopencm3/lib/libopencm3_stm32f1.a(rcc.o) (cm3_assert_failed)
/opt/libopencm3-examples/libopencm3/lib/libopencm3_stm32f1.a(flash.o)
                              /opt/libopencm3-examples/libopencm3/lib/libopencm3_stm32f1.a(flash_common_f01.o) (flash_get_status_flags)

Discarded input sections

 .text          0x00000000        0x0 systick.o
 .data          0x00000000        0x0 systick.o
 .bss           0x00000000        0x0 systick.o
 .group         0x00000000        0x8 /opt/libopencm3-examples/libopencm3/lib/libopencm3_stm32f1.a(gpio.o)
 .group         0x00000000        0x8 /opt/libopencm3-examples/libopencm3/lib/libopencm3_stm32f1.a(gpio.o)
 .group         0x00000000        0x8 /opt/libopencm3-examples/libopencm3/lib/libopencm3_stm32f1.a(gpio.o)
 .group         0x00000000        0x8 /opt/libopencm3-examples/libopencm3/lib/libopencm3_stm32f1.a(gpio.o)
 .group         0x00000000        0x8 /opt/libopencm3-examples/libopencm3/lib/libopencm3_stm32f1.a(gpio.o)
 .group         0x00000000        0x8 /opt/libopencm3-examples/libopencm3/lib/libopencm3_stm32f1.a(gpio.o)
 .group         0x00000000        0x8 /opt/libopencm3-examples/libopencm3/lib/libopencm3_stm32f1.a(gpio.o)
 .group         0x00000000        0x8 /opt/libopencm3-examples/libopencm3/lib/libopencm3_stm32f1.a(gpio.o)
 .group         0x00000000        0x8 /opt/libopencm3-examples/libopencm3/lib/libopencm3_stm32f1.a(gpio.o)
 .group         0x00000000        0x8 /opt/libopencm3-examples/libopencm3/lib/libopencm3_stm32f1.a(gpio.o)
 .group         0x00000000        0x8 /opt/libopencm3-examples/libopencm3/lib/libopencm3_stm32f1.a(gpio.o)
 .group         0x00000000        0x8 /opt/libopencm3-examples/libopencm3/lib/libopencm3_stm32f1.a(gpio.o)
 .group         0x00000000        0x8 /opt/libopencm3-examples/libopencm3/lib/libopencm3_stm32f1.a(gpio.o)
 .text          0x00000000        0x0 /opt/libopencm3-examples/libopencm3/lib/libopencm3_stm32f1.a(gpio.o)
 .data          0x00000000        0x0 /opt/libopencm3-examples/libopencm3/lib/libopencm3_stm32f1.a(gpio.o)
 .bss           0x00000000        0x0 /opt/libopencm3-examples/libopencm3/lib/libopencm3_stm32f1.a(gpio.o)
 .text.gpio_set_eventout
                0x00000000       0x10 /opt/libopencm3-examples/libopencm3/lib/libopencm3_stm32f1.a(gpio.o)
 .text.gpio_primary_remap
                0x00000000       0x14 /opt/libopencm3-examples/libopencm3/lib/libopencm3_stm32f1.a(gpio.o)
 .text.gpio_secondary_remap
                0x00000000       0x10 /opt/libopencm3-examples/libopencm3/lib/libopencm3_stm32f1.a(gpio.o)
 .group         0x00000000        0x8 /opt/libopencm3-examples/libopencm3/lib/libopencm3_stm32f1.a(rcc.o)
 .group         0x00000000        0x8 /opt/libopencm3-examples/libopencm3/lib/libopencm3_stm32f1.a(rcc.o)
 .group         0x00000000        0x8 /opt/libopencm3-examples/libopencm3/lib/libopencm3_stm32f1.a(rcc.o)
 .group         0x00000000        0x8 /opt/libopencm3-examples/libopencm3/lib/libopencm3_stm32f1.a(rcc.o)
 .group         0x00000000        0x8 /opt/libopencm3-examples/libopencm3/lib/libopencm3_stm32f1.a(rcc.o)
 .group         0x00000000        0x8 /opt/libopencm3-examples/libopencm3/lib/libopencm3_stm32f1.a(rcc.o)
 .group         0x00000000        0x8 /opt/libopencm3-examples/libopencm3/lib/libopencm3_stm32f1.a(rcc.o)
 .group         0x00000000        0x8 /opt/libopencm3-examples/libopencm3/lib/libopencm3_stm32f1.a(rcc.o)
 .group         0x00000000        0x8 /opt/libopencm3-examples/libopencm3/lib/libopencm3_stm32f1.a(rcc.o)
 .group         0x00000000        0x8 /opt/libopencm3-examples/libopencm3/lib/libopencm3_stm32f1.a(rcc.o)
 .group         0x00000000        0x8 /opt/libopencm3-examples/libopencm3/lib/libopencm3_stm32f1.a(rcc.o)
 .group         0x00000000        0x8 /opt/libopencm3-examples/libopencm3/lib/libopencm3_stm32f1.a(rcc.o)
 .group         0x00000000        0x8 /opt/libopencm3-examples/libopencm3/lib/libopencm3_stm32f1.a(rcc.o)
 .group         0x00000000        0x8 /opt/libopencm3-examples/libopencm3/lib/libopencm3_stm32f1.a(rcc.o)
 .group         0x00000000        0x8 /opt/libopencm3-examples/libopencm3/lib/libopencm3_stm32f1.a(rcc.o)
 .text          0x00000000        0x0 /opt/libopencm3-examples/libopencm3/lib/libopencm3_stm32f1.a(rcc.o)
 .data          0x00000000        0x0 /opt/libopencm3-examples/libopencm3/lib/libopencm3_stm32f1.a(rcc.o)
 .bss           0x00000000        0x0 /opt/libopencm3-examples/libopencm3/lib/libopencm3_stm32f1.a(rcc.o)
 .text.rcc_osc_ready_int_clear
                0x00000000       0x5c /opt/libopencm3-examples/libopencm3/lib/libopencm3_stm32f1.a(rcc.o)
 .text.rcc_osc_ready_int_enable
                0x00000000       0x5c /opt/libopencm3-examples/libopencm3/lib/libopencm3_stm32f1.a(rcc.o)
 .text.rcc_osc_ready_int_disable
                0x00000000       0x5c /opt/libopencm3-examples/libopencm3/lib/libopencm3_stm32f1.a(rcc.o)
 .text.rcc_osc_ready_int_flag
                0x00000000       0x54 /opt/libopencm3-examples/libopencm3/lib/libopencm3_stm32f1.a(rcc.o)
 .text.rcc_css_int_clear
                0x00000000       0x10 /opt/libopencm3-examples/libopencm3/lib/libopencm3_stm32f1.a(rcc.o)
 .text.rcc_css_int_flag
                0x00000000       0x10 /opt/libopencm3-examples/libopencm3/lib/libopencm3_stm32f1.a(rcc.o)
 .text.rcc_osc_off
                0x00000000       0x58 /opt/libopencm3-examples/libopencm3/lib/libopencm3_stm32f1.a(rcc.o)
 .text.rcc_css_enable
                0x00000000       0x10 /opt/libopencm3-examples/libopencm3/lib/libopencm3_stm32f1.a(rcc.o)
 .text.rcc_css_disable
                0x00000000       0x10 /opt/libopencm3-examples/libopencm3/lib/libopencm3_stm32f1.a(rcc.o)
 .text.rcc_osc_bypass_enable
                0x00000000       0x28 /opt/libopencm3-examples/libopencm3/lib/libopencm3_stm32f1.a(rcc.o)
 .text.rcc_osc_bypass_disable
                0x00000000       0x28 /opt/libopencm3-examples/libopencm3/lib/libopencm3_stm32f1.a(rcc.o)
 .text.rcc_set_pll2_multiplication_factor
                0x00000000       0x14 /opt/libopencm3-examples/libopencm3/lib/libopencm3_stm32f1.a(rcc.o)
 .text.rcc_set_pll3_multiplication_factor
                0x00000000       0x14 /opt/libopencm3-examples/libopencm3/lib/libopencm3_stm32f1.a(rcc.o)
 .text.rcc_rtc_clock_enabled_flag
                0x00000000       0x10 /opt/libopencm3-examples/libopencm3/lib/libopencm3_stm32f1.a(rcc.o)
 .text.rcc_enable_rtc_clock
                0x00000000       0x10 /opt/libopencm3-examples/libopencm3/lib/libopencm3_stm32f1.a(rcc.o)
 .text.rcc_set_rtc_clock_source
                0x00000000       0x90 /opt/libopencm3-examples/libopencm3/lib/libopencm3_stm32f1.a(rcc.o)
 .text.rcc_set_usbpre
                0x00000000       0x18 /opt/libopencm3-examples/libopencm3/lib/libopencm3_stm32f1.a(rcc.o)
 .text.rcc_set_prediv1
                0x00000000       0x14 /opt/libopencm3-examples/libopencm3/lib/libopencm3_stm32f1.a(rcc.o)
 .text.rcc_set_prediv2
                0x00000000       0x14 /opt/libopencm3-examples/libopencm3/lib/libopencm3_stm32f1.a(rcc.o)
 .text.rcc_set_prediv1_source
                0x00000000       0x18 /opt/libopencm3-examples/libopencm3/lib/libopencm3_stm32f1.a(rcc.o)
 .text.rcc_system_clock_source
                0x00000000       0x10 /opt/libopencm3-examples/libopencm3/lib/libopencm3_stm32f1.a(rcc.o)
 .text.rcc_clock_setup_in_hsi_out_64mhz
                0x00000000       0x74 /opt/libopencm3-examples/libopencm3/lib/libopencm3_stm32f1.a(rcc.o)
 .text.rcc_clock_setup_in_hsi_out_48mhz
                0x00000000       0x84 /opt/libopencm3-examples/libopencm3/lib/libopencm3_stm32f1.a(rcc.o)
 .text.rcc_clock_setup_in_hsi_out_24mhz
                0x00000000       0x70 /opt/libopencm3-examples/libopencm3/lib/libopencm3_stm32f1.a(rcc.o)
 .text.rcc_clock_setup_in_hse_8mhz_out_24mhz
                0x00000000       0x88 /opt/libopencm3-examples/libopencm3/lib/libopencm3_stm32f1.a(rcc.o)
 .text.rcc_clock_setup_in_hse_8mhz_out_72mhz
                0x00000000       0x8c /opt/libopencm3-examples/libopencm3/lib/libopencm3_stm32f1.a(rcc.o)
 .text.rcc_clock_setup_in_hse_12mhz_out_72mhz
                0x00000000       0x8c /opt/libopencm3-examples/libopencm3/lib/libopencm3_stm32f1.a(rcc.o)
 .text.rcc_clock_setup_in_hse_25mhz_out_72mhz
                0x00000000       0xac /opt/libopencm3-examples/libopencm3/lib/libopencm3_stm32f1.a(rcc.o)
 .text.rcc_backupdomain_reset
                0x00000000       0x18 /opt/libopencm3-examples/libopencm3/lib/libopencm3_stm32f1.a(rcc.o)
 .debug_macro   0x00000000      0x874 /opt/libopencm3-examples/libopencm3/lib/libopencm3_stm32f1.a(rcc.o)
 .debug_macro   0x00000000       0x22 /opt/libopencm3-examples/libopencm3/lib/libopencm3_stm32f1.a(rcc.o)
 .debug_macro   0x00000000       0x87 /opt/libopencm3-examples/libopencm3/lib/libopencm3_stm32f1.a(rcc.o)
 .debug_macro   0x00000000       0x44 /opt/libopencm3-examples/libopencm3/lib/libopencm3_stm32f1.a(rcc.o)
 .debug_macro   0x00000000       0xfd /opt/libopencm3-examples/libopencm3/lib/libopencm3_stm32f1.a(rcc.o)
 .debug_macro   0x00000000       0x5e /opt/libopencm3-examples/libopencm3/lib/libopencm3_stm32f1.a(rcc.o)
 .debug_macro   0x00000000      0x1df /opt/libopencm3-examples/libopencm3/lib/libopencm3_stm32f1.a(rcc.o)
 .debug_macro   0x00000000       0x22 /opt/libopencm3-examples/libopencm3/lib/libopencm3_stm32f1.a(rcc.o)
 .debug_macro   0x00000000       0xfa /opt/libopencm3-examples/libopencm3/lib/libopencm3_stm32f1.a(rcc.o)
 .debug_macro   0x00000000       0x58 /opt/libopencm3-examples/libopencm3/lib/libopencm3_stm32f1.a(rcc.o)
 .debug_macro   0x00000000      0x1b4 /opt/libopencm3-examples/libopencm3/lib/libopencm3_stm32f1.a(rcc.o)
 .group         0x00000000        0x8 /opt/libopencm3-examples/libopencm3/lib/libopencm3_stm32f1.a(gpio_common_all.o)
 .group         0x00000000        0x8 /opt/libopencm3-examples/libopencm3/lib/libopencm3_stm32f1.a(gpio_common_all.o)
 .group         0x00000000        0x8 /opt/libopencm3-examples/libopencm3/lib/libopencm3_stm32f1.a(gpio_common_all.o)
 .group         0x00000000        0x8 /opt/libopencm3-examples/libopencm3/lib/libopencm3_stm32f1.a(gpio_common_all.o)
 .group         0x00000000        0x8 /opt/libopencm3-examples/libopencm3/lib/libopencm3_stm32f1.a(gpio_common_all.o)
 .group         0x00000000        0x8 /opt/libopencm3-examples/libopencm3/lib/libopencm3_stm32f1.a(gpio_common_all.o)
 .group         0x00000000        0x8 /opt/libopencm3-examples/libopencm3/lib/libopencm3_stm32f1.a(gpio_common_all.o)
 .group         0x00000000        0x8 /opt/libopencm3-examples/libopencm3/lib/libopencm3_stm32f1.a(gpio_common_all.o)
 .group         0x00000000        0x8 /opt/libopencm3-examples/libopencm3/lib/libopencm3_stm32f1.a(gpio_common_all.o)
 .group         0x00000000        0x8 /opt/libopencm3-examples/libopencm3/lib/libopencm3_stm32f1.a(gpio_common_all.o)
 .group         0x00000000        0x8 /opt/libopencm3-examples/libopencm3/lib/libopencm3_stm32f1.a(gpio_common_all.o)
 .group         0x00000000        0x8 /opt/libopencm3-examples/libopencm3/lib/libopencm3_stm32f1.a(gpio_common_all.o)
 .group         0x00000000        0x8 /opt/libopencm3-examples/libopencm3/lib/libopencm3_stm32f1.a(gpio_common_all.o)
 .text          0x00000000        0x0 /opt/libopencm3-examples/libopencm3/lib/libopencm3_stm32f1.a(gpio_common_all.o)
 .data          0x00000000        0x0 /opt/libopencm3-examples/libopencm3/lib/libopencm3_stm32f1.a(gpio_common_all.o)
 .bss           0x00000000        0x0 /opt/libopencm3-examples/libopencm3/lib/libopencm3_stm32f1.a(gpio_common_all.o)
 .text.gpio_get
                0x00000000        0x6 /opt/libopencm3-examples/libopencm3/lib/libopencm3_stm32f1.a(gpio_common_all.o)
 .text.gpio_port_read
                0x00000000        0x6 /opt/libopencm3-examples/libopencm3/lib/libopencm3_stm32f1.a(gpio_common_all.o)
 .text.gpio_port_write
                0x00000000        0x4 /opt/libopencm3-examples/libopencm3/lib/libopencm3_stm32f1.a(gpio_common_all.o)
 .text.gpio_port_config_lock
                0x00000000       0x10 /opt/libopencm3-examples/libopencm3/lib/libopencm3_stm32f1.a(gpio_common_all.o)
 .debug_macro   0x00000000      0x874 /opt/libopencm3-examples/libopencm3/lib/libopencm3_stm32f1.a(gpio_common_all.o)
 .debug_macro   0x00000000       0x22 /opt/libopencm3-examples/libopencm3/lib/libopencm3_stm32f1.a(gpio_common_all.o)
 .debug_macro   0x00000000       0x87 /opt/libopencm3-examples/libopencm3/lib/libopencm3_stm32f1.a(gpio_common_all.o)
 .debug_macro   0x00000000       0x44 /opt/libopencm3-examples/libopencm3/lib/libopencm3_stm32f1.a(gpio_common_all.o)
 .debug_macro   0x00000000       0xfd /opt/libopencm3-examples/libopencm3/lib/libopencm3_stm32f1.a(gpio_common_all.o)
 .debug_macro   0x00000000       0x5e /opt/libopencm3-examples/libopencm3/lib/libopencm3_stm32f1.a(gpio_common_all.o)
 .debug_macro   0x00000000      0x1df /opt/libopencm3-examples/libopencm3/lib/libopencm3_stm32f1.a(gpio_common_all.o)
 .debug_macro   0x00000000       0x22 /opt/libopencm3-examples/libopencm3/lib/libopencm3_stm32f1.a(gpio_common_all.o)
 .debug_macro   0x00000000       0xfa /opt/libopencm3-examples/libopencm3/lib/libopencm3_stm32f1.a(gpio_common_all.o)
 .debug_macro   0x00000000       0x58 /opt/libopencm3-examples/libopencm3/lib/libopencm3_stm32f1.a(gpio_common_all.o)
 .debug_macro   0x00000000      0x1b4 /opt/libopencm3-examples/libopencm3/lib/libopencm3_stm32f1.a(gpio_common_all.o)
 .debug_macro   0x00000000       0x76 /opt/libopencm3-examples/libopencm3/lib/libopencm3_stm32f1.a(gpio_common_all.o)
 .debug_macro   0x00000000      0xdfd /opt/libopencm3-examples/libopencm3/lib/libopencm3_stm32f1.a(gpio_common_all.o)
 .group         0x00000000        0x8 /opt/libopencm3-examples/libopencm3/lib/libopencm3_stm32f1.a(rcc_common_all.o)
 .group         0x00000000        0x8 /opt/libopencm3-examples/libopencm3/lib/libopencm3_stm32f1.a(rcc_common_all.o)
 .group         0x00000000        0x8 /opt/libopencm3-examples/libopencm3/lib/libopencm3_stm32f1.a(rcc_common_all.o)
 .group         0x00000000        0x8 /opt/libopencm3-examples/libopencm3/lib/libopencm3_stm32f1.a(rcc_common_all.o)
 .group         0x00000000        0x8 /opt/libopencm3-examples/libopencm3/lib/libopencm3_stm32f1.a(rcc_common_all.o)
 .group         0x00000000        0x8 /opt/libopencm3-examples/libopencm3/lib/libopencm3_stm32f1.a(rcc_common_all.o)
 .group         0x00000000        0x8 /opt/libopencm3-examples/libopencm3/lib/libopencm3_stm32f1.a(rcc_common_all.o)
 .group         0x00000000        0x8 /opt/libopencm3-examples/libopencm3/lib/libopencm3_stm32f1.a(rcc_common_all.o)
 .group         0x00000000        0x8 /opt/libopencm3-examples/libopencm3/lib/libopencm3_stm32f1.a(rcc_common_all.o)
 .group         0x00000000        0x8 /opt/libopencm3-examples/libopencm3/lib/libopencm3_stm32f1.a(rcc_common_all.o)
 .group         0x00000000        0x8 /opt/libopencm3-examples/libopencm3/lib/libopencm3_stm32f1.a(rcc_common_all.o)
 .group         0x00000000        0x8 /opt/libopencm3-examples/libopencm3/lib/libopencm3_stm32f1.a(rcc_common_all.o)
 .text          0x00000000        0x0 /opt/libopencm3-examples/libopencm3/lib/libopencm3_stm32f1.a(rcc_common_all.o)
 .data          0x00000000        0x0 /opt/libopencm3-examples/libopencm3/lib/libopencm3_stm32f1.a(rcc_common_all.o)
 .bss           0x00000000        0x0 /opt/libopencm3-examples/libopencm3/lib/libopencm3_stm32f1.a(rcc_common_all.o)
 .text.rcc_peripheral_enable_clock
                0x00000000        0x8 /opt/libopencm3-examples/libopencm3/lib/libopencm3_stm32f1.a(rcc_common_all.o)
 .text.rcc_peripheral_disable_clock
                0x00000000        0xa /opt/libopencm3-examples/libopencm3/lib/libopencm3_stm32f1.a(rcc_common_all.o)
 .text.rcc_peripheral_reset
                0x00000000        0x8 /opt/libopencm3-examples/libopencm3/lib/libopencm3_stm32f1.a(rcc_common_all.o)
 .text.rcc_peripheral_clear_reset
                0x00000000        0xa /opt/libopencm3-examples/libopencm3/lib/libopencm3_stm32f1.a(rcc_common_all.o)
 .text.rcc_periph_clock_disable
                0x00000000       0x1e /opt/libopencm3-examples/libopencm3/lib/libopencm3_stm32f1.a(rcc_common_all.o)
 .text.rcc_periph_reset_pulse
                0x00000000       0x26 /opt/libopencm3-examples/libopencm3/lib/libopencm3_stm32f1.a(rcc_common_all.o)
 .text.rcc_periph_reset_hold
                0x00000000       0x1c /opt/libopencm3-examples/libopencm3/lib/libopencm3_stm32f1.a(rcc_common_all.o)
 .text.rcc_periph_reset_release
                0x00000000       0x1e /opt/libopencm3-examples/libopencm3/lib/libopencm3_stm32f1.a(rcc_common_all.o)
 .text.rcc_set_mco
                0x00000000       0x14 /opt/libopencm3-examples/libopencm3/lib/libopencm3_stm32f1.a(rcc_common_all.o)
 .debug_macro   0x00000000      0x874 /opt/libopencm3-examples/libopencm3/lib/libopencm3_stm32f1.a(rcc_common_all.o)
 .debug_macro   0x00000000       0x22 /opt/libopencm3-examples/libopencm3/lib/libopencm3_stm32f1.a(rcc_common_all.o)
 .debug_macro   0x00000000       0x87 /opt/libopencm3-examples/libopencm3/lib/libopencm3_stm32f1.a(rcc_common_all.o)
 .debug_macro   0x00000000       0x44 /opt/libopencm3-examples/libopencm3/lib/libopencm3_stm32f1.a(rcc_common_all.o)
 .debug_macro   0x00000000       0xfd /opt/libopencm3-examples/libopencm3/lib/libopencm3_stm32f1.a(rcc_common_all.o)
 .debug_macro   0x00000000       0x5e /opt/libopencm3-examples/libopencm3/lib/libopencm3_stm32f1.a(rcc_common_all.o)
 .debug_macro   0x00000000      0x1df /opt/libopencm3-examples/libopencm3/lib/libopencm3_stm32f1.a(rcc_common_all.o)
 .debug_macro   0x00000000       0x22 /opt/libopencm3-examples/libopencm3/lib/libopencm3_stm32f1.a(rcc_common_all.o)
 .debug_macro   0x00000000       0xfa /opt/libopencm3-examples/libopencm3/lib/libopencm3_stm32f1.a(rcc_common_all.o)
 .debug_macro   0x00000000       0x58 /opt/libopencm3-examples/libopencm3/lib/libopencm3_stm32f1.a(rcc_common_all.o)
 .debug_macro   0x00000000      0x1b4 /opt/libopencm3-examples/libopencm3/lib/libopencm3_stm32f1.a(rcc_common_all.o)
 .debug_macro   0x00000000      0x825 /opt/libopencm3-examples/libopencm3/lib/libopencm3_stm32f1.a(rcc_common_all.o)
 .group         0x00000000        0x8 /opt/libopencm3-examples/libopencm3/lib/libopencm3_stm32f1.a(flash_common_f01.o)
 .group         0x00000000        0x8 /opt/libopencm3-examples/libopencm3/lib/libopencm3_stm32f1.a(flash_common_f01.o)
 .group         0x00000000        0x8 /opt/libopencm3-examples/libopencm3/lib/libopencm3_stm32f1.a(flash_common_f01.o)
 .group         0x00000000        0x8 /opt/libopencm3-examples/libopencm3/lib/libopencm3_stm32f1.a(flash_common_f01.o)
 .group         0x00000000        0x8 /opt/libopencm3-examples/libopencm3/lib/libopencm3_stm32f1.a(flash_common_f01.o)
 .group         0x00000000        0x8 /opt/libopencm3-examples/libopencm3/lib/libopencm3_stm32f1.a(flash_common_f01.o)
 .group         0x00000000        0x8 /opt/libopencm3-examples/libopencm3/lib/libopencm3_stm32f1.a(flash_common_f01.o)
 .group         0x00000000        0x8 /opt/libopencm3-examples/libopencm3/lib/libopencm3_stm32f1.a(flash_common_f01.o)
 .group         0x00000000        0x8 /opt/libopencm3-examples/libopencm3/lib/libopencm3_stm32f1.a(flash_common_f01.o)
 .group         0x00000000        0x8 /opt/libopencm3-examples/libopencm3/lib/libopencm3_stm32f1.a(flash_common_f01.o)
 .group         0x00000000        0x8 /opt/libopencm3-examples/libopencm3/lib/libopencm3_stm32f1.a(flash_common_f01.o)
 .group         0x00000000        0x8 /opt/libopencm3-examples/libopencm3/lib/libopencm3_stm32f1.a(flash_common_f01.o)
 .group         0x00000000        0x8 /opt/libopencm3-examples/libopencm3/lib/libopencm3_stm32f1.a(flash_common_f01.o)
 .text          0x00000000        0x0 /opt/libopencm3-examples/libopencm3/lib/libopencm3_stm32f1.a(flash_common_f01.o)
 .data          0x00000000        0x0 /opt/libopencm3-examples/libopencm3/lib/libopencm3_stm32f1.a(flash_common_f01.o)
 .bss           0x00000000        0x0 /opt/libopencm3-examples/libopencm3/lib/libopencm3_stm32f1.a(flash_common_f01.o)
 .text.flash_prefetch_buffer_enable
                0x00000000       0x10 /opt/libopencm3-examples/libopencm3/lib/libopencm3_stm32f1.a(flash_common_f01.o)
 .text.flash_prefetch_buffer_disable
                0x00000000       0x10 /opt/libopencm3-examples/libopencm3/lib/libopencm3_stm32f1.a(flash_common_f01.o)
 .text.flash_unlock
                0x00000000       0x24 /opt/libopencm3-examples/libopencm3/lib/libopencm3_stm32f1.a(flash_common_f01.o)
 .text.flash_lock
                0x00000000       0x10 /opt/libopencm3-examples/libopencm3/lib/libopencm3_stm32f1.a(flash_common_f01.o)
 .text.flash_clear_pgerr_flag
                0x00000000       0x10 /opt/libopencm3-examples/libopencm3/lib/libopencm3_stm32f1.a(flash_common_f01.o)
 .text.flash_clear_eop_flag
                0x00000000       0x10 /opt/libopencm3-examples/libopencm3/lib/libopencm3_stm32f1.a(flash_common_f01.o)
 .text.flash_clear_wrprterr_flag
                0x00000000       0x10 /opt/libopencm3-examples/libopencm3/lib/libopencm3_stm32f1.a(flash_common_f01.o)
 .text.flash_clear_bsy_flag
                0x00000000       0x10 /opt/libopencm3-examples/libopencm3/lib/libopencm3_stm32f1.a(flash_common_f01.o)
 .text.flash_wait_for_last_operation
                0x00000000        0xc /opt/libopencm3-examples/libopencm3/lib/libopencm3_stm32f1.a(flash_common_f01.o)
 .text.flash_program_word
                0x00000000       0x18 /opt/libopencm3-examples/libopencm3/lib/libopencm3_stm32f1.a(flash_common_f01.o)
 .text.flash_unlock_option_bytes
                0x00000000       0x18 /opt/libopencm3-examples/libopencm3/lib/libopencm3_stm32f1.a(flash_common_f01.o)
 .text.flash_erase_option_bytes
                0x00000000       0x34 /opt/libopencm3-examples/libopencm3/lib/libopencm3_stm32f1.a(flash_common_f01.o)
 .text.flash_program_option_bytes
                0x00000000       0x34 /opt/libopencm3-examples/libopencm3/lib/libopencm3_stm32f1.a(flash_common_f01.o)
 .debug_macro   0x00000000      0x874 /opt/libopencm3-examples/libopencm3/lib/libopencm3_stm32f1.a(flash_common_f01.o)
 .debug_macro   0x00000000       0x22 /opt/libopencm3-examples/libopencm3/lib/libopencm3_stm32f1.a(flash_common_f01.o)
 .debug_macro   0x00000000       0x87 /opt/libopencm3-examples/libopencm3/lib/libopencm3_stm32f1.a(flash_common_f01.o)
 .debug_macro   0x00000000       0x44 /opt/libopencm3-examples/libopencm3/lib/libopencm3_stm32f1.a(flash_common_f01.o)
 .debug_macro   0x00000000       0xfd /opt/libopencm3-examples/libopencm3/lib/libopencm3_stm32f1.a(flash_common_f01.o)
 .debug_macro   0x00000000       0x5e /opt/libopencm3-examples/libopencm3/lib/libopencm3_stm32f1.a(flash_common_f01.o)
 .debug_macro   0x00000000      0x1df /opt/libopencm3-examples/libopencm3/lib/libopencm3_stm32f1.a(flash_common_f01.o)
 .debug_macro   0x00000000       0x22 /opt/libopencm3-examples/libopencm3/lib/libopencm3_stm32f1.a(flash_common_f01.o)
 .debug_macro   0x00000000       0xfa /opt/libopencm3-examples/libopencm3/lib/libopencm3_stm32f1.a(flash_common_f01.o)
 .debug_macro   0x00000000       0x58 /opt/libopencm3-examples/libopencm3/lib/libopencm3_stm32f1.a(flash_common_f01.o)
 .debug_macro   0x00000000      0x1b4 /opt/libopencm3-examples/libopencm3/lib/libopencm3_stm32f1.a(flash_common_f01.o)
 .debug_macro   0x00000000       0xdc /opt/libopencm3-examples/libopencm3/lib/libopencm3_stm32f1.a(flash_common_f01.o)
 .debug_macro   0x00000000       0x82 /opt/libopencm3-examples/libopencm3/lib/libopencm3_stm32f1.a(flash_common_f01.o)
 .group         0x00000000        0x8 /opt/libopencm3-examples/libopencm3/lib/libopencm3_stm32f1.a(vector.o)
 .group         0x00000000        0x8 /opt/libopencm3-examples/libopencm3/lib/libopencm3_stm32f1.a(vector.o)
 .group         0x00000000        0x8 /opt/libopencm3-examples/libopencm3/lib/libopencm3_stm32f1.a(vector.o)
 .group         0x00000000        0x8 /opt/libopencm3-examples/libopencm3/lib/libopencm3_stm32f1.a(vector.o)
 .group         0x00000000        0x8 /opt/libopencm3-examples/libopencm3/lib/libopencm3_stm32f1.a(vector.o)
 .group         0x00000000        0x8 /opt/libopencm3-examples/libopencm3/lib/libopencm3_stm32f1.a(vector.o)
 .group         0x00000000        0x8 /opt/libopencm3-examples/libopencm3/lib/libopencm3_stm32f1.a(vector.o)
 .group         0x00000000        0x8 /opt/libopencm3-examples/libopencm3/lib/libopencm3_stm32f1.a(vector.o)
 .group         0x00000000        0x8 /opt/libopencm3-examples/libopencm3/lib/libopencm3_stm32f1.a(vector.o)
 .group         0x00000000        0x8 /opt/libopencm3-examples/libopencm3/lib/libopencm3_stm32f1.a(vector.o)
 .group         0x00000000        0x8 /opt/libopencm3-examples/libopencm3/lib/libopencm3_stm32f1.a(vector.o)
 .group         0x00000000        0x8 /opt/libopencm3-examples/libopencm3/lib/libopencm3_stm32f1.a(vector.o)
 .group         0x00000000        0x8 /opt/libopencm3-examples/libopencm3/lib/libopencm3_stm32f1.a(vector.o)
 .text          0x00000000        0x0 /opt/libopencm3-examples/libopencm3/lib/libopencm3_stm32f1.a(vector.o)
 .data          0x00000000        0x0 /opt/libopencm3-examples/libopencm3/lib/libopencm3_stm32f1.a(vector.o)
 .bss           0x00000000        0x0 /opt/libopencm3-examples/libopencm3/lib/libopencm3_stm32f1.a(vector.o)
 .debug_macro   0x00000000      0x874 /opt/libopencm3-examples/libopencm3/lib/libopencm3_stm32f1.a(vector.o)
 .debug_macro   0x00000000       0x58 /opt/libopencm3-examples/libopencm3/lib/libopencm3_stm32f1.a(vector.o)
 .debug_macro   0x00000000       0x22 /opt/libopencm3-examples/libopencm3/lib/libopencm3_stm32f1.a(vector.o)
 .debug_macro   0x00000000       0x87 /opt/libopencm3-examples/libopencm3/lib/libopencm3_stm32f1.a(vector.o)
 .debug_macro   0x00000000       0x44 /opt/libopencm3-examples/libopencm3/lib/libopencm3_stm32f1.a(vector.o)
 .debug_macro   0x00000000       0xfd /opt/libopencm3-examples/libopencm3/lib/libopencm3_stm32f1.a(vector.o)
 .debug_macro   0x00000000       0x5e /opt/libopencm3-examples/libopencm3/lib/libopencm3_stm32f1.a(vector.o)
 .debug_macro   0x00000000      0x1df /opt/libopencm3-examples/libopencm3/lib/libopencm3_stm32f1.a(vector.o)
 .debug_macro   0x00000000       0x22 /opt/libopencm3-examples/libopencm3/lib/libopencm3_stm32f1.a(vector.o)
 .debug_macro   0x00000000       0xfa /opt/libopencm3-examples/libopencm3/lib/libopencm3_stm32f1.a(vector.o)
 .group         0x00000000        0x8 /opt/libopencm3-examples/libopencm3/lib/libopencm3_stm32f1.a(systick.o)
 .group         0x00000000        0x8 /opt/libopencm3-examples/libopencm3/lib/libopencm3_stm32f1.a(systick.o)
 .group         0x00000000        0x8 /opt/libopencm3-examples/libopencm3/lib/libopencm3_stm32f1.a(systick.o)
 .group         0x00000000        0x8 /opt/libopencm3-examples/libopencm3/lib/libopencm3_stm32f1.a(systick.o)
 .group         0x00000000        0x8 /opt/libopencm3-examples/libopencm3/lib/libopencm3_stm32f1.a(systick.o)
 .group         0x00000000        0x8 /opt/libopencm3-examples/libopencm3/lib/libopencm3_stm32f1.a(systick.o)
 .group         0x00000000        0x8 /opt/libopencm3-examples/libopencm3/lib/libopencm3_stm32f1.a(systick.o)
 .group         0x00000000        0x8 /opt/libopencm3-examples/libopencm3/lib/libopencm3_stm32f1.a(systick.o)
 .group         0x00000000        0x8 /opt/libopencm3-examples/libopencm3/lib/libopencm3_stm32f1.a(systick.o)
 .group         0x00000000        0x8 /opt/libopencm3-examples/libopencm3/lib/libopencm3_stm32f1.a(systick.o)
 .group         0x00000000        0x8 /opt/libopencm3-examples/libopencm3/lib/libopencm3_stm32f1.a(systick.o)
 .text          0x00000000        0x0 /opt/libopencm3-examples/libopencm3/lib/libopencm3_stm32f1.a(systick.o)
 .data          0x00000000        0x0 /opt/libopencm3-examples/libopencm3/lib/libopencm3_stm32f1.a(systick.o)
 .bss           0x00000000        0x0 /opt/libopencm3-examples/libopencm3/lib/libopencm3_stm32f1.a(systick.o)
 .text.systick_get_reload
                0x00000000       0x10 /opt/libopencm3-examples/libopencm3/lib/libopencm3_stm32f1.a(systick.o)
 .text.systick_get_value
                0x00000000       0x10 /opt/libopencm3-examples/libopencm3/lib/libopencm3_stm32f1.a(systick.o)
 .text.systick_set_frequency
                0x00000000       0x3c /opt/libopencm3-examples/libopencm3/lib/libopencm3_stm32f1.a(systick.o)
 .text.systick_interrupt_disable
                0x00000000       0x10 /opt/libopencm3-examples/libopencm3/lib/libopencm3_stm32f1.a(systick.o)
 .text.systick_counter_disable
                0x00000000       0x10 /opt/libopencm3-examples/libopencm3/lib/libopencm3_stm32f1.a(systick.o)
 .text.systick_get_countflag
                0x00000000       0x10 /opt/libopencm3-examples/libopencm3/lib/libopencm3_stm32f1.a(systick.o)
 .text.systick_clear
                0x00000000        0xc /opt/libopencm3-examples/libopencm3/lib/libopencm3_stm32f1.a(systick.o)
 .text.systick_get_calib
                0x00000000       0x10 /opt/libopencm3-examples/libopencm3/lib/libopencm3_stm32f1.a(systick.o)
 .debug_macro   0x00000000      0x874 /opt/libopencm3-examples/libopencm3/lib/libopencm3_stm32f1.a(systick.o)
 .debug_macro   0x00000000       0x58 /opt/libopencm3-examples/libopencm3/lib/libopencm3_stm32f1.a(systick.o)
 .debug_macro   0x00000000       0x22 /opt/libopencm3-examples/libopencm3/lib/libopencm3_stm32f1.a(systick.o)
 .debug_macro   0x00000000       0x87 /opt/libopencm3-examples/libopencm3/lib/libopencm3_stm32f1.a(systick.o)
 .debug_macro   0x00000000       0x44 /opt/libopencm3-examples/libopencm3/lib/libopencm3_stm32f1.a(systick.o)
 .debug_macro   0x00000000       0xfd /opt/libopencm3-examples/libopencm3/lib/libopencm3_stm32f1.a(systick.o)
 .debug_macro   0x00000000       0x5e /opt/libopencm3-examples/libopencm3/lib/libopencm3_stm32f1.a(systick.o)
 .debug_macro   0x00000000      0x1df /opt/libopencm3-examples/libopencm3/lib/libopencm3_stm32f1.a(systick.o)
 .debug_macro   0x00000000       0x22 /opt/libopencm3-examples/libopencm3/lib/libopencm3_stm32f1.a(systick.o)
 .debug_macro   0x00000000       0xfa /opt/libopencm3-examples/libopencm3/lib/libopencm3_stm32f1.a(systick.o)
 .group         0x00000000        0x8 /opt/libopencm3-examples/libopencm3/lib/libopencm3_stm32f1.a(assert.o)
 .group         0x00000000        0x8 /opt/libopencm3-examples/libopencm3/lib/libopencm3_stm32f1.a(assert.o)
 .group         0x00000000        0x8 /opt/libopencm3-examples/libopencm3/lib/libopencm3_stm32f1.a(assert.o)
 .group         0x00000000        0x8 /opt/libopencm3-examples/libopencm3/lib/libopencm3_stm32f1.a(assert.o)
 .group         0x00000000        0x8 /opt/libopencm3-examples/libopencm3/lib/libopencm3_stm32f1.a(assert.o)
 .group         0x00000000        0x8 /opt/libopencm3-examples/libopencm3/lib/libopencm3_stm32f1.a(assert.o)
 .group         0x00000000        0x8 /opt/libopencm3-examples/libopencm3/lib/libopencm3_stm32f1.a(assert.o)
 .group         0x00000000        0x8 /opt/libopencm3-examples/libopencm3/lib/libopencm3_stm32f1.a(assert.o)
 .group         0x00000000        0x8 /opt/libopencm3-examples/libopencm3/lib/libopencm3_stm32f1.a(assert.o)
 .group         0x00000000        0x8 /opt/libopencm3-examples/libopencm3/lib/libopencm3_stm32f1.a(assert.o)
 .text          0x00000000        0x0 /opt/libopencm3-examples/libopencm3/lib/libopencm3_stm32f1.a(assert.o)
 .data          0x00000000        0x0 /opt/libopencm3-examples/libopencm3/lib/libopencm3_stm32f1.a(assert.o)
 .bss           0x00000000        0x0 /opt/libopencm3-examples/libopencm3/lib/libopencm3_stm32f1.a(assert.o)
 .text.cm3_assert_failed
                0x00000000        0x2 /opt/libopencm3-examples/libopencm3/lib/libopencm3_stm32f1.a(assert.o)
 .text.cm3_assert_failed_verbose
                0x00000000        0x6 /opt/libopencm3-examples/libopencm3/lib/libopencm3_stm32f1.a(assert.o)
 .debug_info    0x00000000       0xee /opt/libopencm3-examples/libopencm3/lib/libopencm3_stm32f1.a(assert.o)
 .debug_abbrev  0x00000000       0x8f /opt/libopencm3-examples/libopencm3/lib/libopencm3_stm32f1.a(assert.o)
 .debug_loc     0x00000000       0x84 /opt/libopencm3-examples/libopencm3/lib/libopencm3_stm32f1.a(assert.o)
 .debug_aranges
                0x00000000       0x28 /opt/libopencm3-examples/libopencm3/lib/libopencm3_stm32f1.a(assert.o)
 .debug_ranges  0x00000000       0x18 /opt/libopencm3-examples/libopencm3/lib/libopencm3_stm32f1.a(assert.o)
 .debug_macro   0x00000000       0x8a /opt/libopencm3-examples/libopencm3/lib/libopencm3_stm32f1.a(assert.o)
 .debug_macro   0x00000000      0x874 /opt/libopencm3-examples/libopencm3/lib/libopencm3_stm32f1.a(assert.o)
 .debug_macro   0x00000000       0x22 /opt/libopencm3-examples/libopencm3/lib/libopencm3_stm32f1.a(assert.o)
 .debug_macro   0x00000000       0x87 /opt/libopencm3-examples/libopencm3/lib/libopencm3_stm32f1.a(assert.o)
 .debug_macro   0x00000000       0x44 /opt/libopencm3-examples/libopencm3/lib/libopencm3_stm32f1.a(assert.o)
 .debug_macro   0x00000000       0xfd /opt/libopencm3-examples/libopencm3/lib/libopencm3_stm32f1.a(assert.o)
 .debug_macro   0x00000000       0x5e /opt/libopencm3-examples/libopencm3/lib/libopencm3_stm32f1.a(assert.o)
 .debug_macro   0x00000000      0x1df /opt/libopencm3-examples/libopencm3/lib/libopencm3_stm32f1.a(assert.o)
 .debug_macro   0x00000000       0x22 /opt/libopencm3-examples/libopencm3/lib/libopencm3_stm32f1.a(assert.o)
 .debug_macro   0x00000000       0xfa /opt/libopencm3-examples/libopencm3/lib/libopencm3_stm32f1.a(assert.o)
 .debug_macro   0x00000000       0x16 /opt/libopencm3-examples/libopencm3/lib/libopencm3_stm32f1.a(assert.o)
 .debug_line    0x00000000      0x1fb /opt/libopencm3-examples/libopencm3/lib/libopencm3_stm32f1.a(assert.o)
 .debug_str     0x00000000     0x3820 /opt/libopencm3-examples/libopencm3/lib/libopencm3_stm32f1.a(assert.o)
 .comment       0x00000000       0x6f /opt/libopencm3-examples/libopencm3/lib/libopencm3_stm32f1.a(assert.o)
 .debug_frame   0x00000000       0x38 /opt/libopencm3-examples/libopencm3/lib/libopencm3_stm32f1.a(assert.o)
 .ARM.attributes
                0x00000000       0x33 /opt/libopencm3-examples/libopencm3/lib/libopencm3_stm32f1.a(assert.o)
 .group         0x00000000        0x8 /opt/libopencm3-examples/libopencm3/lib/libopencm3_stm32f1.a(flash.o)
 .group         0x00000000        0x8 /opt/libopencm3-examples/libopencm3/lib/libopencm3_stm32f1.a(flash.o)
 .group         0x00000000        0x8 /opt/libopencm3-examples/libopencm3/lib/libopencm3_stm32f1.a(flash.o)
 .group         0x00000000        0x8 /opt/libopencm3-examples/libopencm3/lib/libopencm3_stm32f1.a(flash.o)
 .group         0x00000000        0x8 /opt/libopencm3-examples/libopencm3/lib/libopencm3_stm32f1.a(flash.o)
 .group         0x00000000        0x8 /opt/libopencm3-examples/libopencm3/lib/libopencm3_stm32f1.a(flash.o)
 .group         0x00000000        0x8 /opt/libopencm3-examples/libopencm3/lib/libopencm3_stm32f1.a(flash.o)
 .group         0x00000000        0x8 /opt/libopencm3-examples/libopencm3/lib/libopencm3_stm32f1.a(flash.o)
 .group         0x00000000        0x8 /opt/libopencm3-examples/libopencm3/lib/libopencm3_stm32f1.a(flash.o)
 .group         0x00000000        0x8 /opt/libopencm3-examples/libopencm3/lib/libopencm3_stm32f1.a(flash.o)
 .group         0x00000000        0x8 /opt/libopencm3-examples/libopencm3/lib/libopencm3_stm32f1.a(flash.o)
 .group         0x00000000        0x8 /opt/libopencm3-examples/libopencm3/lib/libopencm3_stm32f1.a(flash.o)
 .group         0x00000000        0x8 /opt/libopencm3-examples/libopencm3/lib/libopencm3_stm32f1.a(flash.o)
 .text          0x00000000        0x0 /opt/libopencm3-examples/libopencm3/lib/libopencm3_stm32f1.a(flash.o)
 .data          0x00000000        0x0 /opt/libopencm3-examples/libopencm3/lib/libopencm3_stm32f1.a(flash.o)
 .bss           0x00000000        0x0 /opt/libopencm3-examples/libopencm3/lib/libopencm3_stm32f1.a(flash.o)
 .text.flash_halfcycle_enable
                0x00000000       0x10 /opt/libopencm3-examples/libopencm3/lib/libopencm3_stm32f1.a(flash.o)
 .text.flash_halfcycle_disable
                0x00000000       0x10 /opt/libopencm3-examples/libopencm3/lib/libopencm3_stm32f1.a(flash.o)
 .text.flash_unlock_upper
                0x00000000       0x34 /opt/libopencm3-examples/libopencm3/lib/libopencm3_stm32f1.a(flash.o)
 .text.flash_lock_upper
                0x00000000       0x10 /opt/libopencm3-examples/libopencm3/lib/libopencm3_stm32f1.a(flash.o)
 .text.flash_clear_pgerr_flag_upper
                0x00000000       0x20 /opt/libopencm3-examples/libopencm3/lib/libopencm3_stm32f1.a(flash.o)
 .text.flash_clear_eop_flag_upper
                0x00000000       0x20 /opt/libopencm3-examples/libopencm3/lib/libopencm3_stm32f1.a(flash.o)
 .text.flash_clear_wrprterr_flag_upper
                0x00000000       0x20 /opt/libopencm3-examples/libopencm3/lib/libopencm3_stm32f1.a(flash.o)
 .text.flash_clear_bsy_flag_upper
                0x00000000       0x20 /opt/libopencm3-examples/libopencm3/lib/libopencm3_stm32f1.a(flash.o)
 .text.flash_clear_status_flags
                0x00000000       0x38 /opt/libopencm3-examples/libopencm3/lib/libopencm3_stm32f1.a(flash.o)
 .text.flash_get_status_flags
                0x00000000       0x28 /opt/libopencm3-examples/libopencm3/lib/libopencm3_stm32f1.a(flash.o)
 .text.flash_program_half_word
                0x00000000       0x64 /opt/libopencm3-examples/libopencm3/lib/libopencm3_stm32f1.a(flash.o)
 .text.flash_erase_page
                0x00000000       0x7c /opt/libopencm3-examples/libopencm3/lib/libopencm3_stm32f1.a(flash.o)
 .text.flash_erase_all_pages
                0x00000000       0x48 /opt/libopencm3-examples/libopencm3/lib/libopencm3_stm32f1.a(flash.o)
 .debug_info    0x00000000      0x2ab /opt/libopencm3-examples/libopencm3/lib/libopencm3_stm32f1.a(flash.o)
 .debug_abbrev  0x00000000      0x11a /opt/libopencm3-examples/libopencm3/lib/libopencm3_stm32f1.a(flash.o)
 .debug_loc     0x00000000       0x9c /opt/libopencm3-examples/libopencm3/lib/libopencm3_stm32f1.a(flash.o)
 .debug_aranges
                0x00000000       0x80 /opt/libopencm3-examples/libopencm3/lib/libopencm3_stm32f1.a(flash.o)
 .debug_ranges  0x00000000       0x70 /opt/libopencm3-examples/libopencm3/lib/libopencm3_stm32f1.a(flash.o)
 .debug_macro   0x00000000       0xc9 /opt/libopencm3-examples/libopencm3/lib/libopencm3_stm32f1.a(flash.o)
 .debug_macro   0x00000000      0x874 /opt/libopencm3-examples/libopencm3/lib/libopencm3_stm32f1.a(flash.o)
 .debug_macro   0x00000000       0x22 /opt/libopencm3-examples/libopencm3/lib/libopencm3_stm32f1.a(flash.o)
 .debug_macro   0x00000000       0x87 /opt/libopencm3-examples/libopencm3/lib/libopencm3_stm32f1.a(flash.o)
 .debug_macro   0x00000000       0x44 /opt/libopencm3-examples/libopencm3/lib/libopencm3_stm32f1.a(flash.o)
 .debug_macro   0x00000000       0xfd /opt/libopencm3-examples/libopencm3/lib/libopencm3_stm32f1.a(flash.o)
 .debug_macro   0x00000000       0x5e /opt/libopencm3-examples/libopencm3/lib/libopencm3_stm32f1.a(flash.o)
 .debug_macro   0x00000000      0x1df /opt/libopencm3-examples/libopencm3/lib/libopencm3_stm32f1.a(flash.o)
 .debug_macro   0x00000000       0x22 /opt/libopencm3-examples/libopencm3/lib/libopencm3_stm32f1.a(flash.o)
 .debug_macro   0x00000000       0xfa /opt/libopencm3-examples/libopencm3/lib/libopencm3_stm32f1.a(flash.o)
 .debug_macro   0x00000000       0x58 /opt/libopencm3-examples/libopencm3/lib/libopencm3_stm32f1.a(flash.o)
 .debug_macro   0x00000000      0x1b4 /opt/libopencm3-examples/libopencm3/lib/libopencm3_stm32f1.a(flash.o)
 .debug_macro   0x00000000       0xdc /opt/libopencm3-examples/libopencm3/lib/libopencm3_stm32f1.a(flash.o)
 .debug_macro   0x00000000       0x82 /opt/libopencm3-examples/libopencm3/lib/libopencm3_stm32f1.a(flash.o)
 .debug_line    0x00000000      0x3b6 /opt/libopencm3-examples/libopencm3/lib/libopencm3_stm32f1.a(flash.o)
 .debug_str     0x00000000     0x4d86 /opt/libopencm3-examples/libopencm3/lib/libopencm3_stm32f1.a(flash.o)
 .comment       0x00000000       0x6f /opt/libopencm3-examples/libopencm3/lib/libopencm3_stm32f1.a(flash.o)
 .debug_frame   0x00000000      0x10c /opt/libopencm3-examples/libopencm3/lib/libopencm3_stm32f1.a(flash.o)
 .ARM.attributes
                0x00000000       0x33 /opt/libopencm3-examples/libopencm3/lib/libopencm3_stm32f1.a(flash.o)

Memory Configuration

Name             Origin             Length             Attributes
rom              0x08000000         0x00020000         xr
ram              0x20000000         0x00005000         xrw
*default*        0x00000000         0xffffffff

Linker script and memory map

LOAD systick.o
LOAD /opt/libopencm3-examples/libopencm3/lib/libopencm3_stm32f1.a
START GROUP
LOAD /opt/gcc-arm-none-eabi-5_4-2016q3/bin/../lib/gcc/arm-none-eabi/5.4.1/../../../../arm-none-eabi/lib/armv7-m/libc.a
LOAD /opt/gcc-arm-none-eabi-5_4-2016q3/bin/../lib/gcc/arm-none-eabi/5.4.1/armv7-m/libgcc.a
LOAD /opt/gcc-arm-none-eabi-5_4-2016q3/bin/../lib/gcc/arm-none-eabi/5.4.1/../../../../arm-none-eabi/lib/armv7-m/libnosys.a
END GROUP
START GROUP
LOAD /opt/gcc-arm-none-eabi-5_4-2016q3/bin/../lib/gcc/arm-none-eabi/5.4.1/armv7-m/libgcc.a
LOAD /opt/gcc-arm-none-eabi-5_4-2016q3/bin/../lib/gcc/arm-none-eabi/5.4.1/../../../../arm-none-eabi/lib/armv7-m/libc.a
END GROUP

.text           0x08000000      0x55c
 *(.vectors)
 .vectors       0x08000000      0x150 /opt/libopencm3-examples/libopencm3/lib/libopencm3_stm32f1.a(vector.o)
                0x08000000                vector_table
 *(.text*)
 .text.sys_tick_handler
                0x08000150       0x28 systick.o
                0x08000150                sys_tick_handler
 .text.startup.main
                0x08000178       0x5c systick.o
                0x08000178                main
 .text.gpio_set_mode
                0x080001d4       0x64 /opt/libopencm3-examples/libopencm3/lib/libopencm3_stm32f1.a(gpio.o)
                0x080001d4                gpio_set_mode
 .text.rcc_osc_on.part.1
                0x08000238       0x10 /opt/libopencm3-examples/libopencm3/lib/libopencm3_stm32f1.a(rcc.o)
 .text.rcc_is_osc_ready
                0x08000248       0x5c /opt/libopencm3-examples/libopencm3/lib/libopencm3_stm32f1.a(rcc.o)
                0x08000248                rcc_is_osc_ready
 .text.rcc_wait_for_osc_ready
                0x080002a4       0x10 /opt/libopencm3-examples/libopencm3/lib/libopencm3_stm32f1.a(rcc.o)
                0x080002a4                rcc_wait_for_osc_ready
 .text.rcc_osc_on
                0x080002b4       0x54 /opt/libopencm3-examples/libopencm3/lib/libopencm3_stm32f1.a(rcc.o)
                0x080002b4                rcc_osc_on
 .text.rcc_set_sysclk_source
                0x08000308       0x14 /opt/libopencm3-examples/libopencm3/lib/libopencm3_stm32f1.a(rcc.o)
                0x08000308                rcc_set_sysclk_source
 .text.rcc_set_pll_multiplication_factor
                0x0800031c       0x14 /opt/libopencm3-examples/libopencm3/lib/libopencm3_stm32f1.a(rcc.o)
                0x0800031c                rcc_set_pll_multiplication_factor
 .text.rcc_set_pll_source
                0x08000330       0x14 /opt/libopencm3-examples/libopencm3/lib/libopencm3_stm32f1.a(rcc.o)
                0x08000330                rcc_set_pll_source
 .text.rcc_set_pllxtpre
                0x08000344       0x14 /opt/libopencm3-examples/libopencm3/lib/libopencm3_stm32f1.a(rcc.o)
                0x08000344                rcc_set_pllxtpre
 .text.rcc_set_adcpre
                0x08000358       0x14 /opt/libopencm3-examples/libopencm3/lib/libopencm3_stm32f1.a(rcc.o)
                0x08000358                rcc_set_adcpre
 .text.rcc_set_ppre2
                0x0800036c       0x14 /opt/libopencm3-examples/libopencm3/lib/libopencm3_stm32f1.a(rcc.o)
                0x0800036c                rcc_set_ppre2
 .text.rcc_set_ppre1
                0x08000380       0x14 /opt/libopencm3-examples/libopencm3/lib/libopencm3_stm32f1.a(rcc.o)
                0x08000380                rcc_set_ppre1
 .text.rcc_set_hpre
                0x08000394       0x14 /opt/libopencm3-examples/libopencm3/lib/libopencm3_stm32f1.a(rcc.o)
                0x08000394                rcc_set_hpre
 .text.rcc_clock_setup_in_hse_16mhz_out_72mhz
                0x080003a8       0x8c /opt/libopencm3-examples/libopencm3/lib/libopencm3_stm32f1.a(rcc.o)
                0x080003a8                rcc_clock_setup_in_hse_16mhz_out_72mhz
 .text.gpio_set
                0x08000434        0x4 /opt/libopencm3-examples/libopencm3/lib/libopencm3_stm32f1.a(gpio_common_all.o)
                0x08000434                gpio_set
 .text.gpio_clear
                0x08000438        0x6 /opt/libopencm3-examples/libopencm3/lib/libopencm3_stm32f1.a(gpio_common_all.o)
                0x08000438                gpio_clear
 .text.gpio_toggle
                0x0800043e       0x12 /opt/libopencm3-examples/libopencm3/lib/libopencm3_stm32f1.a(gpio_common_all.o)
                0x0800043e                gpio_toggle
 .text.rcc_periph_clock_enable
                0x08000450       0x1c /opt/libopencm3-examples/libopencm3/lib/libopencm3_stm32f1.a(rcc_common_all.o)
                0x08000450                rcc_periph_clock_enable
 .text.flash_set_ws
                0x0800046c       0x14 /opt/libopencm3-examples/libopencm3/lib/libopencm3_stm32f1.a(flash_common_f01.o)
                0x0800046c                flash_set_ws
 .text.blocking_handler
                0x08000480        0x2 /opt/libopencm3-examples/libopencm3/lib/libopencm3_stm32f1.a(vector.o)
                0x08000480                usart3_isr
                0x08000480                rtc_isr
                0x08000480                tim7_isr
                0x08000480                adc1_2_isr
                0x08000480                tim1_trg_com_isr
                0x08000480                usb_hp_can_tx_isr
                0x08000480                tim6_isr
                0x08000480                usb_wakeup_isr
                0x08000480                blocking_handler
                0x08000480                tim5_isr
                0x08000480                otg_fs_isr
                0x08000480                spi1_isr
                0x08000480                exti2_isr
                0x08000480                dma1_channel6_isr
                0x08000480                can_rx1_isr
                0x08000480                dma1_channel5_isr
                0x08000480                dma2_channel5_isr
                0x08000480                usart1_isr
                0x08000480                usage_fault_handler
                0x08000480                tim8_trg_com_isr
                0x08000480                can2_rx0_isr
                0x08000480                tim1_brk_isr
                0x08000480                can2_rx1_isr
                0x08000480                tim1_cc_isr
                0x08000480                sdio_isr
                0x08000480                eth_isr
                0x08000480                dma1_channel4_isr
                0x08000480                tim8_brk_isr
                0x08000480                dma2_channel4_5_isr
                0x08000480                pvd_isr
                0x08000480                rcc_isr
                0x08000480                flash_isr
                0x08000480                uart4_isr
                0x08000480                rtc_alarm_isr
                0x08000480                exti15_10_isr
                0x08000480                hard_fault_handler
                0x08000480                exti1_isr
                0x08000480                i2c1_ev_isr
                0x08000480                dma2_channel1_isr
                0x08000480                spi2_isr
                0x08000480                tim8_up_isr
                0x08000480                dma2_channel2_isr
                0x08000480                exti3_isr
                0x08000480                adc3_isr
                0x08000480                tim3_isr
                0x08000480                usart2_isr
                0x08000480                usb_lp_can_rx0_isr
                0x08000480                i2c2_er_isr
                0x08000480                i2c2_ev_isr
                0x08000480                uart5_isr
                0x08000480                fsmc_isr
                0x08000480                dma1_channel1_isr
                0x08000480                exti4_isr
                0x08000480                mem_manage_handler
                0x08000480                can2_tx_isr
                0x08000480                exti9_5_isr
                0x08000480                dma2_channel3_isr
                0x08000480                dma1_channel7_isr
                0x08000480                tim1_up_isr
                0x08000480                can2_sce_isr
                0x08000480                tim4_isr
                0x08000480                dma1_channel2_isr
                0x08000480                i2c1_er_isr
                0x08000480                can_sce_isr
                0x08000480                tim8_cc_isr
                0x08000480                tamper_isr
                0x08000480                eth_wkup_isr
                0x08000480                bus_fault_handler
                0x08000480                wwdg_isr
                0x08000480                dma1_channel3_isr
                0x08000480                spi3_isr
                0x08000480                tim2_isr
                0x08000480                exti0_isr
 .text.null_handler
                0x08000482        0x2 /opt/libopencm3-examples/libopencm3/lib/libopencm3_stm32f1.a(vector.o)
                0x08000482                null_handler
                0x08000482                sv_call_handler
                0x08000482                pend_sv_handler
                0x08000482                debug_monitor_handler
                0x08000482                nmi_handler
 .text.reset_handler
                0x08000484       0x90 /opt/libopencm3-examples/libopencm3/lib/libopencm3_stm32f1.a(vector.o)
                0x08000484                reset_handler
 .text.systick_set_reload
                0x08000514       0x10 /opt/libopencm3-examples/libopencm3/lib/libopencm3_stm32f1.a(systick.o)
                0x08000514                systick_set_reload
 .text.systick_set_clocksource
                0x08000524       0x18 /opt/libopencm3-examples/libopencm3/lib/libopencm3_stm32f1.a(systick.o)
                0x08000524                systick_set_clocksource
 .text.systick_interrupt_enable
                0x0800053c       0x10 /opt/libopencm3-examples/libopencm3/lib/libopencm3_stm32f1.a(systick.o)
                0x0800053c                systick_interrupt_enable
 .text.systick_counter_enable
                0x0800054c       0x10 /opt/libopencm3-examples/libopencm3/lib/libopencm3_stm32f1.a(systick.o)
                0x0800054c                systick_counter_enable
                0x0800055c                . = ALIGN (0x4)
 *(.rodata*)
                0x0800055c                . = ALIGN (0x4)

.glue_7         0x0800055c        0x0
 .glue_7        0x0800055c        0x0 linker stubs

.glue_7t        0x0800055c        0x0
 .glue_7t       0x0800055c        0x0 linker stubs

.vfp11_veneer   0x0800055c        0x0
 .vfp11_veneer  0x0800055c        0x0 linker stubs

.v4_bx          0x0800055c        0x0
 .v4_bx         0x0800055c        0x0 linker stubs

.iplt           0x0800055c        0x0
 .iplt          0x0800055c        0x0 systick.o

.rel.dyn        0x0800055c        0x0
 .rel.iplt      0x0800055c        0x0 systick.o

.preinit_array  0x0800055c        0x0
                0x0800055c                . = ALIGN (0x4)
                0x0800055c                __preinit_array_start = .
 *(.preinit_array)
                0x0800055c                __preinit_array_end = .

.init_array     0x0800055c        0x0
                0x0800055c                . = ALIGN (0x4)
                0x0800055c                __init_array_start = .
 *(SORT(.init_array.*))
 *(.init_array)
                0x0800055c                __init_array_end = .

.fini_array     0x0800055c        0x0
                0x0800055c                . = ALIGN (0x4)
                0x0800055c                __fini_array_start = .
 *(.fini_array)
 *(SORT(.fini_array.*))
                0x0800055c                __fini_array_end = .

.ARM.extab
 *(.ARM.extab*)

.ARM.exidx      0x0800055c        0x0
                0x0800055c                __exidx_start = .
 *(.ARM.exidx*)
                0x0800055c                __exidx_end = .
                0x0800055c                . = ALIGN (0x4)
                0x0800055c                _etext = .

.data           0x20000000        0xc load address 0x0800055c
                0x20000000                _data = .
 *(.data*)
 .data.rcc_ahb_frequency
                0x20000000        0x4 /opt/libopencm3-examples/libopencm3/lib/libopencm3_stm32f1.a(rcc.o)
                0x20000000                rcc_ahb_frequency
 .data.rcc_apb1_frequency
                0x20000004        0x4 /opt/libopencm3-examples/libopencm3/lib/libopencm3_stm32f1.a(rcc.o)
                0x20000004                rcc_apb1_frequency
 .data.rcc_apb2_frequency
                0x20000008        0x4 /opt/libopencm3-examples/libopencm3/lib/libopencm3_stm32f1.a(rcc.o)
                0x20000008                rcc_apb2_frequency
                0x2000000c                . = ALIGN (0x4)
                0x2000000c                _edata = .
                0x0800055c                _data_loadaddr = LOADADDR (.data)

.igot.plt       0x2000000c        0x0 load address 0x08000568
 .igot.plt      0x2000000c        0x0 systick.o

.bss            0x2000000c        0x4 load address 0x08000568
 *(.bss*)
 .bss.temp32    0x2000000c        0x4 systick.o
                0x2000000c                temp32
 *(COMMON)
                0x20000010                . = ALIGN (0x4)
                0x20000010                _ebss = .

/DISCARD/
 *(.eh_frame)
                0x20000010                . = ALIGN (0x4)
                0x20000010                end = .
                0x20005000                PROVIDE (_stack, (ORIGIN (ram) + LENGTH (ram)))
OUTPUT(systick.elf elf32-littlearm)

.debug_info     0x00000000     0x25e0
 .debug_info    0x00000000      0x3ec systick.o
 .debug_info    0x000003ec      0x1df /opt/libopencm3-examples/libopencm3/lib/libopencm3_stm32f1.a(gpio.o)
 .debug_info    0x000005cb     0x116a /opt/libopencm3-examples/libopencm3/lib/libopencm3_stm32f1.a(rcc.o)
 .debug_info    0x00001735      0x22c /opt/libopencm3-examples/libopencm3/lib/libopencm3_stm32f1.a(gpio_common_all.o)
 .debug_info    0x00001961      0x50a /opt/libopencm3-examples/libopencm3/lib/libopencm3_stm32f1.a(rcc_common_all.o)
 .debug_info    0x00001e6b      0x278 /opt/libopencm3-examples/libopencm3/lib/libopencm3_stm32f1.a(flash_common_f01.o)
 .debug_info    0x000020e3      0x2a8 /opt/libopencm3-examples/libopencm3/lib/libopencm3_stm32f1.a(vector.o)
 .debug_info    0x0000238b      0x255 /opt/libopencm3-examples/libopencm3/lib/libopencm3_stm32f1.a(systick.o)

.debug_abbrev   0x00000000      0x98d
 .debug_abbrev  0x00000000      0x10c systick.o
 .debug_abbrev  0x0000010c       0xb7 /opt/libopencm3-examples/libopencm3/lib/libopencm3_stm32f1.a(gpio.o)
 .debug_abbrev  0x000001c3      0x272 /opt/libopencm3-examples/libopencm3/lib/libopencm3_stm32f1.a(rcc.o)
 .debug_abbrev  0x00000435      0x10e /opt/libopencm3-examples/libopencm3/lib/libopencm3_stm32f1.a(gpio_common_all.o)
 .debug_abbrev  0x00000543      0x105 /opt/libopencm3-examples/libopencm3/lib/libopencm3_stm32f1.a(rcc_common_all.o)
 .debug_abbrev  0x00000648       0xcd /opt/libopencm3-examples/libopencm3/lib/libopencm3_stm32f1.a(flash_common_f01.o)
 .debug_abbrev  0x00000715      0x146 /opt/libopencm3-examples/libopencm3/lib/libopencm3_stm32f1.a(vector.o)
 .debug_abbrev  0x0000085b      0x132 /opt/libopencm3-examples/libopencm3/lib/libopencm3_stm32f1.a(systick.o)

.debug_aranges  0x00000000      0x3a0
 .debug_aranges
                0x00000000       0x28 systick.o
 .debug_aranges
                0x00000028       0x38 /opt/libopencm3-examples/libopencm3/lib/libopencm3_stm32f1.a(gpio.o)
 .debug_aranges
                0x00000060      0x168 /opt/libopencm3-examples/libopencm3/lib/libopencm3_stm32f1.a(rcc.o)
 .debug_aranges
                0x000001c8       0x50 /opt/libopencm3-examples/libopencm3/lib/libopencm3_stm32f1.a(gpio_common_all.o)
 .debug_aranges
                0x00000218       0x58 /opt/libopencm3-examples/libopencm3/lib/libopencm3_stm32f1.a(rcc_common_all.o)
 .debug_aranges
                0x00000270       0x88 /opt/libopencm3-examples/libopencm3/lib/libopencm3_stm32f1.a(flash_common_f01.o)
 .debug_aranges
                0x000002f8       0x30 /opt/libopencm3-examples/libopencm3/lib/libopencm3_stm32f1.a(vector.o)
 .debug_aranges
                0x00000328       0x78 /opt/libopencm3-examples/libopencm3/lib/libopencm3_stm32f1.a(systick.o)

.debug_ranges   0x00000000      0x380
 .debug_ranges  0x00000000       0x18 systick.o
 .debug_ranges  0x00000018       0x28 /opt/libopencm3-examples/libopencm3/lib/libopencm3_stm32f1.a(gpio.o)
 .debug_ranges  0x00000040      0x1b8 /opt/libopencm3-examples/libopencm3/lib/libopencm3_stm32f1.a(rcc.o)
 .debug_ranges  0x000001f8       0x40 /opt/libopencm3-examples/libopencm3/lib/libopencm3_stm32f1.a(gpio_common_all.o)
 .debug_ranges  0x00000238       0x48 /opt/libopencm3-examples/libopencm3/lib/libopencm3_stm32f1.a(rcc_common_all.o)
 .debug_ranges  0x00000280       0x78 /opt/libopencm3-examples/libopencm3/lib/libopencm3_stm32f1.a(flash_common_f01.o)
 .debug_ranges  0x000002f8       0x20 /opt/libopencm3-examples/libopencm3/lib/libopencm3_stm32f1.a(vector.o)
 .debug_ranges  0x00000318       0x68 /opt/libopencm3-examples/libopencm3/lib/libopencm3_stm32f1.a(systick.o)

.debug_line     0x00000000     0x1b6c
 .debug_line    0x00000000      0x202 systick.o
 .debug_line    0x00000202      0x2ea /opt/libopencm3-examples/libopencm3/lib/libopencm3_stm32f1.a(gpio.o)
 .debug_line    0x000004ec      0x698 /opt/libopencm3-examples/libopencm3/lib/libopencm3_stm32f1.a(rcc.o)
 .debug_line    0x00000b84      0x31e /opt/libopencm3-examples/libopencm3/lib/libopencm3_stm32f1.a(gpio_common_all.o)
 .debug_line    0x00000ea2      0x323 /opt/libopencm3-examples/libopencm3/lib/libopencm3_stm32f1.a(rcc_common_all.o)
 .debug_line    0x000011c5      0x3a9 /opt/libopencm3-examples/libopencm3/lib/libopencm3_stm32f1.a(flash_common_f01.o)
 .debug_line    0x0000156e      0x330 /opt/libopencm3-examples/libopencm3/lib/libopencm3_stm32f1.a(vector.o)
 .debug_line    0x0000189e      0x2ce /opt/libopencm3-examples/libopencm3/lib/libopencm3_stm32f1.a(systick.o)

.debug_str      0x00000000     0xdbde
 .debug_str     0x00000000      0x42c systick.o
                                0x4c8 (size before relaxing)
 .debug_str     0x0000042c     0x7abf /opt/libopencm3-examples/libopencm3/lib/libopencm3_stm32f1.a(gpio.o)
                               0x7c52 (size before relaxing)
 .debug_str     0x00007eeb     0x303f /opt/libopencm3-examples/libopencm3/lib/libopencm3_stm32f1.a(rcc.o)
                               0x74a9 (size before relaxing)
 .debug_str     0x0000af2a       0x5a /opt/libopencm3-examples/libopencm3/lib/libopencm3_stm32f1.a(gpio_common_all.o)
                               0x7c46 (size before relaxing)
 .debug_str     0x0000af84      0x2f5 /opt/libopencm3-examples/libopencm3/lib/libopencm3_stm32f1.a(rcc_common_all.o)
                               0x6d1f (size before relaxing)
 .debug_str     0x0000b279      0x181 /opt/libopencm3-examples/libopencm3/lib/libopencm3_stm32f1.a(flash_common_f01.o)
                               0x4cf9 (size before relaxing)
 .debug_str     0x0000b3fa     0x24f4 /opt/libopencm3-examples/libopencm3/lib/libopencm3_stm32f1.a(vector.o)
                               0x5da4 (size before relaxing)
 .debug_str     0x0000d8ee      0x2f0 /opt/libopencm3-examples/libopencm3/lib/libopencm3_stm32f1.a(systick.o)
                               0x3c12 (size before relaxing)

.comment        0x00000000       0x6e
 .comment       0x00000000       0x6e systick.o
                                 0x6f (size before relaxing)
 .comment       0x0000006e       0x6f /opt/libopencm3-examples/libopencm3/lib/libopencm3_stm32f1.a(gpio.o)
 .comment       0x0000006e       0x6f /opt/libopencm3-examples/libopencm3/lib/libopencm3_stm32f1.a(rcc.o)
 .comment       0x0000006e       0x6f /opt/libopencm3-examples/libopencm3/lib/libopencm3_stm32f1.a(gpio_common_all.o)
 .comment       0x0000006e       0x6f /opt/libopencm3-examples/libopencm3/lib/libopencm3_stm32f1.a(rcc_common_all.o)
 .comment       0x0000006e       0x6f /opt/libopencm3-examples/libopencm3/lib/libopencm3_stm32f1.a(flash_common_f01.o)
 .comment       0x0000006e       0x6f /opt/libopencm3-examples/libopencm3/lib/libopencm3_stm32f1.a(vector.o)
 .comment       0x0000006e       0x6f /opt/libopencm3-examples/libopencm3/lib/libopencm3_stm32f1.a(systick.o)

.ARM.attributes
                0x00000000       0x33
 .ARM.attributes
                0x00000000       0x33 systick.o
 .ARM.attributes
                0x00000033       0x33 /opt/libopencm3-examples/libopencm3/lib/libopencm3_stm32f1.a(gpio.o)
 .ARM.attributes
                0x00000066       0x33 /opt/libopencm3-examples/libopencm3/lib/libopencm3_stm32f1.a(rcc.o)
 .ARM.attributes
                0x00000099       0x33 /opt/libopencm3-examples/libopencm3/lib/libopencm3_stm32f1.a(gpio_common_all.o)
 .ARM.attributes
                0x000000cc       0x33 /opt/libopencm3-examples/libopencm3/lib/libopencm3_stm32f1.a(rcc_common_all.o)
 .ARM.attributes
                0x000000ff       0x33 /opt/libopencm3-examples/libopencm3/lib/libopencm3_stm32f1.a(flash_common_f01.o)
 .ARM.attributes
                0x00000132       0x33 /opt/libopencm3-examples/libopencm3/lib/libopencm3_stm32f1.a(vector.o)
 .ARM.attributes
                0x00000165       0x33 /opt/libopencm3-examples/libopencm3/lib/libopencm3_stm32f1.a(systick.o)

.debug_frame    0x00000000      0x70c
 .debug_frame   0x00000000       0x40 systick.o
 .debug_frame   0x00000040       0x64 /opt/libopencm3-examples/libopencm3/lib/libopencm3_stm32f1.a(gpio.o)
 .debug_frame   0x000000a4      0x300 /opt/libopencm3-examples/libopencm3/lib/libopencm3_stm32f1.a(rcc.o)
 .debug_frame   0x000003a4       0x80 /opt/libopencm3-examples/libopencm3/lib/libopencm3_stm32f1.a(gpio_common_all.o)
 .debug_frame   0x00000424       0xb0 /opt/libopencm3-examples/libopencm3/lib/libopencm3_stm32f1.a(rcc_common_all.o)
 .debug_frame   0x000004d4      0x120 /opt/libopencm3-examples/libopencm3/lib/libopencm3_stm32f1.a(flash_common_f01.o)
 .debug_frame   0x000005f4       0x40 /opt/libopencm3-examples/libopencm3/lib/libopencm3_stm32f1.a(vector.o)
 .debug_frame   0x00000634       0xd8 /opt/libopencm3-examples/libopencm3/lib/libopencm3_stm32f1.a(systick.o)

.debug_loc      0x00000000      0xae0
 .debug_loc     0x00000000      0x19f /opt/libopencm3-examples/libopencm3/lib/libopencm3_stm32f1.a(gpio.o)
 .debug_loc     0x0000019f      0x4ba /opt/libopencm3-examples/libopencm3/lib/libopencm3_stm32f1.a(rcc.o)
 .debug_loc     0x00000659       0x97 /opt/libopencm3-examples/libopencm3/lib/libopencm3_stm32f1.a(gpio_common_all.o)
 .debug_loc     0x000006f0      0x108 /opt/libopencm3-examples/libopencm3/lib/libopencm3_stm32f1.a(rcc_common_all.o)
 .debug_loc     0x000007f8       0xd3 /opt/libopencm3-examples/libopencm3/lib/libopencm3_stm32f1.a(flash_common_f01.o)
 .debug_loc     0x000008cb       0xdf /opt/libopencm3-examples/libopencm3/lib/libopencm3_stm32f1.a(vector.o)
 .debug_loc     0x000009aa      0x136 /opt/libopencm3-examples/libopencm3/lib/libopencm3_stm32f1.a(systick.o)

.debug_macro    0x00000000     0x331d
 .debug_macro   0x00000000       0xb9 /opt/libopencm3-examples/libopencm3/lib/libopencm3_stm32f1.a(gpio.o)
 .debug_macro   0x000000b9      0x874 /opt/libopencm3-examples/libopencm3/lib/libopencm3_stm32f1.a(gpio.o)
 .debug_macro   0x0000092d       0x22 /opt/libopencm3-examples/libopencm3/lib/libopencm3_stm32f1.a(gpio.o)
 .debug_macro   0x0000094f       0x87 /opt/libopencm3-examples/libopencm3/lib/libopencm3_stm32f1.a(gpio.o)
 .debug_macro   0x000009d6       0x44 /opt/libopencm3-examples/libopencm3/lib/libopencm3_stm32f1.a(gpio.o)
 .debug_macro   0x00000a1a       0xfd /opt/libopencm3-examples/libopencm3/lib/libopencm3_stm32f1.a(gpio.o)
 .debug_macro   0x00000b17       0x5e /opt/libopencm3-examples/libopencm3/lib/libopencm3_stm32f1.a(gpio.o)
 .debug_macro   0x00000b75      0x1df /opt/libopencm3-examples/libopencm3/lib/libopencm3_stm32f1.a(gpio.o)
 .debug_macro   0x00000d54       0x22 /opt/libopencm3-examples/libopencm3/lib/libopencm3_stm32f1.a(gpio.o)
 .debug_macro   0x00000d76       0xfa /opt/libopencm3-examples/libopencm3/lib/libopencm3_stm32f1.a(gpio.o)
 .debug_macro   0x00000e70       0x58 /opt/libopencm3-examples/libopencm3/lib/libopencm3_stm32f1.a(gpio.o)
 .debug_macro   0x00000ec8      0x1b4 /opt/libopencm3-examples/libopencm3/lib/libopencm3_stm32f1.a(gpio.o)
 .debug_macro   0x0000107c       0x76 /opt/libopencm3-examples/libopencm3/lib/libopencm3_stm32f1.a(gpio.o)
 .debug_macro   0x000010f2      0xdfd /opt/libopencm3-examples/libopencm3/lib/libopencm3_stm32f1.a(gpio.o)
 .debug_macro   0x00001eef       0xe0 /opt/libopencm3-examples/libopencm3/lib/libopencm3_stm32f1.a(rcc.o)
 .debug_macro   0x00001fcf       0x16 /opt/libopencm3-examples/libopencm3/lib/libopencm3_stm32f1.a(rcc.o)
 .debug_macro   0x00001fe5      0x825 /opt/libopencm3-examples/libopencm3/lib/libopencm3_stm32f1.a(rcc.o)
 .debug_macro   0x0000280a       0xdc /opt/libopencm3-examples/libopencm3/lib/libopencm3_stm32f1.a(rcc.o)
 .debug_macro   0x000028e6       0x82 /opt/libopencm3-examples/libopencm3/lib/libopencm3_stm32f1.a(rcc.o)
 .debug_macro   0x00002968       0xb9 /opt/libopencm3-examples/libopencm3/lib/libopencm3_stm32f1.a(gpio_common_all.o)
 .debug_macro   0x00002a21       0xcf /opt/libopencm3-examples/libopencm3/lib/libopencm3_stm32f1.a(rcc_common_all.o)
 .debug_macro   0x00002af0       0xb9 /opt/libopencm3-examples/libopencm3/lib/libopencm3_stm32f1.a(flash_common_f01.o)
 .debug_macro   0x00002ba9       0xd0 /opt/libopencm3-examples/libopencm3/lib/libopencm3_stm32f1.a(vector.o)
 .debug_macro   0x00002c79      0x3a1 /opt/libopencm3-examples/libopencm3/lib/libopencm3_stm32f1.a(vector.o)
 .debug_macro   0x0000301a       0x6a /opt/libopencm3-examples/libopencm3/lib/libopencm3_stm32f1.a(vector.o)
 .debug_macro   0x00003084      0x1a2 /opt/libopencm3-examples/libopencm3/lib/libopencm3_stm32f1.a(vector.o)
 .debug_macro   0x00003226       0x93 /opt/libopencm3-examples/libopencm3/lib/libopencm3_stm32f1.a(systick.o)
 .debug_macro   0x000032b9       0x64 /opt/libopencm3-examples/libopencm3/lib/libopencm3_stm32f1.a(systick.o)
