Archive member included to satisfy reference by file (symbol)

/opt/libopencm3-examples/libopencm3/lib/libopencm3_stm32f1.a(flash.o)
                              usbdfu.o (flash_program_half_word)
/opt/libopencm3-examples/libopencm3/lib/libopencm3_stm32f1.a(gpio.o)
                              usbdfu.o (gpio_set_mode)
/opt/libopencm3-examples/libopencm3/lib/libopencm3_stm32f1.a(rcc.o)
                              usbdfu.o (rcc_clock_setup_in_hsi_out_48mhz)
/opt/libopencm3-examples/libopencm3/lib/libopencm3_stm32f1.a(gpio_common_all.o)
                              usbdfu.o (gpio_set)
/opt/libopencm3-examples/libopencm3/lib/libopencm3_stm32f1.a(rcc_common_all.o)
                              usbdfu.o (rcc_periph_clock_enable)
/opt/libopencm3-examples/libopencm3/lib/libopencm3_stm32f1.a(flash_common_f01.o)
                              /opt/libopencm3-examples/libopencm3/lib/libopencm3_stm32f1.a(rcc.o) (flash_set_ws)
/opt/libopencm3-examples/libopencm3/lib/libopencm3_stm32f1.a(usb.o)
                              usbdfu.o (usbd_init)
/opt/libopencm3-examples/libopencm3/lib/libopencm3_stm32f1.a(usb_control.o)
                              usbdfu.o (usbd_register_control_callback)
/opt/libopencm3-examples/libopencm3/lib/libopencm3_stm32f1.a(usb_standard.o)
                              usbdfu.o (usbd_register_set_config_callback)
/opt/libopencm3-examples/libopencm3/lib/libopencm3_stm32f1.a(usb_f107.o)
                              usbdfu.o (stm32f107_usb_driver)
/opt/libopencm3-examples/libopencm3/lib/libopencm3_stm32f1.a(vector.o)
                              (reset_handler)
/opt/libopencm3-examples/libopencm3/lib/libopencm3_stm32f1.a(scb.o)
                              usbdfu.o (scb_reset_system)
/opt/libopencm3-examples/libopencm3/lib/libopencm3_stm32f1.a(assert.o)
                              /opt/libopencm3-examples/libopencm3/lib/libopencm3_stm32f1.a(rcc.o) (cm3_assert_failed)
/opt/libopencm3-examples/libopencm3/lib/libopencm3_stm32f1.a(usb_fx07_common.o)
                              /opt/libopencm3-examples/libopencm3/lib/libopencm3_stm32f1.a(usb_f107.o) (stm32fx07_set_address)
/opt/gcc-arm-none-eabi-5_4-2016q3/bin/../lib/gcc/arm-none-eabi/5.4.1/../../../../arm-none-eabi/lib/armv7-m/libc.a(lib_a-memcpy.o)
                              usbdfu.o (memcpy)
/opt/gcc-arm-none-eabi-5_4-2016q3/bin/../lib/gcc/arm-none-eabi/5.4.1/../../../../arm-none-eabi/lib/armv7-m/libc.a(lib_a-strlen-stub.o)
                              /opt/libopencm3-examples/libopencm3/lib/libopencm3_stm32f1.a(usb_standard.o) (strlen)

Discarded input sections

 .text          0x00000000        0x0 usbdfu.o
 .data          0x00000000        0x0 usbdfu.o
 .bss           0x00000000        0x0 usbdfu.o
 .group         0x00000000        0x8 /opt/libopencm3-examples/libopencm3/lib/libopencm3_stm32f1.a(flash.o)
 .group         0x00000000        0x8 /opt/libopencm3-examples/libopencm3/lib/libopencm3_stm32f1.a(flash.o)
 .group         0x00000000        0x8 /opt/libopencm3-examples/libopencm3/lib/libopencm3_stm32f1.a(flash.o)
 .group         0x00000000        0x8 /opt/libopencm3-examples/libopencm3/lib/libopencm3_stm32f1.a(flash.o)
 .group         0x00000000        0x8 /opt/libopencm3-examples/libopencm3/lib/libopencm3_stm32f1.a(flash.o)
 .group         0x00000000        0x8 /opt/libopencm3-examples/libopencm3/lib/libopencm3_stm32f1.a(flash.o)
 .group         0x00000000        0x8 /opt/libopencm3-examples/libopencm3/lib/libopencm3_stm32f1.a(flash.o)
 .group         0x00000000        0x8 /opt/libopencm3-examples/libopencm3/lib/libopencm3_stm32f1.a(flash.o)
 .group         0x00000000        0x8 /opt/libopencm3-examples/libopencm3/lib/libopencm3_stm32f1.a(flash.o)
 .group         0x00000000        0x8 /opt/libopencm3-examples/libopencm3/lib/libopencm3_stm32f1.a(flash.o)
 .group         0x00000000        0x8 /opt/libopencm3-examples/libopencm3/lib/libopencm3_stm32f1.a(flash.o)
 .group         0x00000000        0x8 /opt/libopencm3-examples/libopencm3/lib/libopencm3_stm32f1.a(flash.o)
 .group         0x00000000        0x8 /opt/libopencm3-examples/libopencm3/lib/libopencm3_stm32f1.a(flash.o)
 .text          0x00000000        0x0 /opt/libopencm3-examples/libopencm3/lib/libopencm3_stm32f1.a(flash.o)
 .data          0x00000000        0x0 /opt/libopencm3-examples/libopencm3/lib/libopencm3_stm32f1.a(flash.o)
 .bss           0x00000000        0x0 /opt/libopencm3-examples/libopencm3/lib/libopencm3_stm32f1.a(flash.o)
 .text.flash_halfcycle_enable
                0x00000000       0x10 /opt/libopencm3-examples/libopencm3/lib/libopencm3_stm32f1.a(flash.o)
 .text.flash_halfcycle_disable
                0x00000000       0x10 /opt/libopencm3-examples/libopencm3/lib/libopencm3_stm32f1.a(flash.o)
 .text.flash_unlock_upper
                0x00000000       0x34 /opt/libopencm3-examples/libopencm3/lib/libopencm3_stm32f1.a(flash.o)
 .text.flash_lock_upper
                0x00000000       0x10 /opt/libopencm3-examples/libopencm3/lib/libopencm3_stm32f1.a(flash.o)
[...]
Memory Configuration

Name             Origin             Length             Attributes
rom              0x08000000         0x00002000         xr
ram              0x20000000         0x00001000         xrw
*default*        0x00000000         0xffffffff

Linker script and memory map

LOAD usbdfu.o
LOAD /opt/libopencm3-examples/libopencm3/lib/libopencm3_stm32f1.a
START GROUP
LOAD /opt/gcc-arm-none-eabi-5_4-2016q3/bin/../lib/gcc/arm-none-eabi/5.4.1/../../../../arm-none-eabi/lib/armv7-m/libc.a
LOAD /opt/gcc-arm-none-eabi-5_4-2016q3/bin/../lib/gcc/arm-none-eabi/5.4.1/armv7-m/libgcc.a
LOAD /opt/gcc-arm-none-eabi-5_4-2016q3/bin/../lib/gcc/arm-none-eabi/5.4.1/../../../../arm-none-eabi/lib/armv7-m/libnosys.a
END GROUP
START GROUP
LOAD /opt/gcc-arm-none-eabi-5_4-2016q3/bin/../lib/gcc/arm-none-eabi/5.4.1/armv7-m/libgcc.a
LOAD /opt/gcc-arm-none-eabi-5_4-2016q3/bin/../lib/gcc/arm-none-eabi/5.4.1/../../../../arm-none-eabi/lib/armv7-m/libc.a
END GROUP

.text           0x08000000     0x17ec
 *(.vectors)
 .vectors       0x08000000      0x150 /opt/libopencm3-examples/libopencm3/lib/libopencm3_stm32f1.a(vector.o)
                0x08000000                vector_table
 *(.text*)
 .text.usbdfu_set_config
                0x08000150       0x10 usbdfu.o
 .text.usbdfu_getstatus_complete
                0x08000160       0x78 usbdfu.o
 .text.usbdfu_control_request
                0x080001d8       0xc8 usbdfu.o
 .text.startup.main
                0x080002a0       0xe0 usbdfu.o
                0x080002a0                main
 .text.flash_get_status_flags
                0x08000380       0x28 /opt/libopencm3-examples/libopencm3/lib/libopencm3_stm32f1.a(flash.o)
                0x08000380                flash_get_status_flags
 .text.flash_program_half_word
                0x080003a8       0x64 /opt/libopencm3-examples/libopencm3/lib/libopencm3_stm32f1.a(flash.o)
                0x080003a8                flash_program_half_word
 .text.flash_erase_page
                0x0800040c       0x7c /opt/libopencm3-examples/libopencm3/lib/libopencm3_stm32f1.a(flash.o)
                0x0800040c                flash_erase_page
 .text.gpio_set_mode
                0x08000488       0x64 /opt/libopencm3-examples/libopencm3/lib/libopencm3_stm32f1.a(gpio.o)
                0x08000488                gpio_set_mode
 .text.rcc_osc_on.part.1
                0x080004ec       0x10 /opt/libopencm3-examples/libopencm3/lib/libopencm3_stm32f1.a(rcc.o)
 .text.rcc_is_osc_ready
                0x080004fc       0x5c /opt/libopencm3-examples/libopencm3/lib/libopencm3_stm32f1.a(rcc.o)
                0x080004fc                rcc_is_osc_ready
 .text.rcc_wait_for_osc_ready
                0x08000558       0x10 /opt/libopencm3-examples/libopencm3/lib/libopencm3_stm32f1.a(rcc.o)
                0x08000558                rcc_wait_for_osc_ready
 .text.rcc_osc_on
                0x08000568       0x54 /opt/libopencm3-examples/libopencm3/lib/libopencm3_stm32f1.a(rcc.o)
                0x08000568                rcc_osc_on
 .text.rcc_set_sysclk_source
                0x080005bc       0x14 /opt/libopencm3-examples/libopencm3/lib/libopencm3_stm32f1.a(rcc.o)
                0x080005bc                rcc_set_sysclk_source
 .text.rcc_set_pll_multiplication_factor
                0x080005d0       0x14 /opt/libopencm3-examples/libopencm3/lib/libopencm3_stm32f1.a(rcc.o)
                0x080005d0                rcc_set_pll_multiplication_factor
 .text.rcc_set_pll_source
                0x080005e4       0x14 /opt/libopencm3-examples/libopencm3/lib/libopencm3_stm32f1.a(rcc.o)
                0x080005e4                rcc_set_pll_source
 .text.rcc_set_adcpre
                0x080005f8       0x14 /opt/libopencm3-examples/libopencm3/lib/libopencm3_stm32f1.a(rcc.o)
                0x080005f8                rcc_set_adcpre
 .text.rcc_set_ppre2
                0x0800060c       0x14 /opt/libopencm3-examples/libopencm3/lib/libopencm3_stm32f1.a(rcc.o)
                0x0800060c                rcc_set_ppre2
 .text.rcc_set_ppre1
                0x08000620       0x14 /opt/libopencm3-examples/libopencm3/lib/libopencm3_stm32f1.a(rcc.o)
                0x08000620                rcc_set_ppre1
 .text.rcc_set_hpre
                0x08000634       0x14 /opt/libopencm3-examples/libopencm3/lib/libopencm3_stm32f1.a(rcc.o)
                0x08000634                rcc_set_hpre
 .text.rcc_clock_setup_in_hsi_out_48mhz
                0x08000648       0x84 /opt/libopencm3-examples/libopencm3/lib/libopencm3_stm32f1.a(rcc.o)
                0x08000648                rcc_clock_setup_in_hsi_out_48mhz
 .text.gpio_set
                0x080006cc        0x4 /opt/libopencm3-examples/libopencm3/lib/libopencm3_stm32f1.a(gpio_common_all.o)
                0x080006cc                gpio_set
 .text.gpio_get
                0x080006d0        0x6 /opt/libopencm3-examples/libopencm3/lib/libopencm3_stm32f1.a(gpio_common_all.o)
                0x080006d0                gpio_get
 .text.rcc_periph_clock_enable
                0x080006d6       0x1c /opt/libopencm3-examples/libopencm3/lib/libopencm3_stm32f1.a(rcc_common_all.o)
                0x080006d6                rcc_periph_clock_enable
 *fill*         0x080006f2        0x2 
 .text.flash_set_ws
                0x080006f4       0x14 /opt/libopencm3-examples/libopencm3/lib/libopencm3_stm32f1.a(flash_common_f01.o)
                0x080006f4                flash_set_ws
 .text.flash_unlock
                0x08000708       0x24 /opt/libopencm3-examples/libopencm3/lib/libopencm3_stm32f1.a(flash_common_f01.o)
                0x08000708                flash_unlock
 .text.flash_lock
                0x0800072c       0x10 /opt/libopencm3-examples/libopencm3/lib/libopencm3_stm32f1.a(flash_common_f01.o)
                0x0800072c                flash_lock
 .text.flash_wait_for_last_operation
                0x0800073c        0xc /opt/libopencm3-examples/libopencm3/lib/libopencm3_stm32f1.a(flash_common_f01.o)
                0x0800073c                flash_wait_for_last_operation
 .text.usbd_init
                0x08000748       0x58 /opt/libopencm3-examples/libopencm3/lib/libopencm3_stm32f1.a(usb.o)
                0x08000748                usbd_init
 .text.usbd_poll
                0x080007a0        0x8 /opt/libopencm3-examples/libopencm3/lib/libopencm3_stm32f1.a(usb.o)
                0x080007a0                usbd_poll
 .text.usbd_ep_setup
                0x080007a8        0xe /opt/libopencm3-examples/libopencm3/lib/libopencm3_stm32f1.a(usb.o)
                0x080007a8                usbd_ep_setup
 .text._usbd_reset
                0x080007b6       0x34 /opt/libopencm3-examples/libopencm3/lib/libopencm3_stm32f1.a(usb.o)
                0x080007b6                _usbd_reset
 .text.usbd_ep_write_packet
                0x080007ea        0xe /opt/libopencm3-examples/libopencm3/lib/libopencm3_stm32f1.a(usb.o)
                0x080007ea                usbd_ep_write_packet
 .text.usbd_ep_read_packet
                0x080007f8        0xe /opt/libopencm3-examples/libopencm3/lib/libopencm3_stm32f1.a(usb.o)
                0x080007f8                usbd_ep_read_packet
 .text.usbd_ep_stall_set
                0x08000806        0x8 /opt/libopencm3-examples/libopencm3/lib/libopencm3_stm32f1.a(usb.o)
                0x08000806                usbd_ep_stall_set
 .text.usbd_ep_stall_get
                0x0800080e        0x8 /opt/libopencm3-examples/libopencm3/lib/libopencm3_stm32f1.a(usb.o)
                0x0800080e                usbd_ep_stall_get
 .text.stall_transaction
                0x08000816       0x14 /opt/libopencm3-examples/libopencm3/lib/libopencm3_stm32f1.a(usb_control.o)
 .text.usb_control_recv_chunk
                0x0800082a       0x3c /opt/libopencm3-examples/libopencm3/lib/libopencm3_stm32f1.a(usb_control.o)
 .text.usb_control_send_chunk
                0x08000866       0x56 /opt/libopencm3-examples/libopencm3/lib/libopencm3_stm32f1.a(usb_control.o)
 .text.usb_control_request_dispatch
                0x080008bc       0x62 /opt/libopencm3-examples/libopencm3/lib/libopencm3_stm32f1.a(usb_control.o)
 .text.usb_control_setup_read
                0x0800091e       0x6a /opt/libopencm3-examples/libopencm3/lib/libopencm3_stm32f1.a(usb_control.o)
 .text.usbd_register_control_callback
                0x08000988       0x26 /opt/libopencm3-examples/libopencm3/lib/libopencm3_stm32f1.a(usb_control.o)
                0x08000988                usbd_register_control_callback
 .text._usbd_control_setup
                0x080009ae       0x5a /opt/libopencm3-examples/libopencm3/lib/libopencm3_stm32f1.a(usb_control.o)
                0x080009ae                _usbd_control_setup
 .text._usbd_control_out
                0x08000a08       0x86 /opt/libopencm3-examples/libopencm3/lib/libopencm3_stm32f1.a(usb_control.o)
                0x08000a08                _usbd_control_out
 .text._usbd_control_in
                0x08000a8e       0x56 /opt/libopencm3-examples/libopencm3/lib/libopencm3_stm32f1.a(usb_control.o)
                0x08000a8e                _usbd_control_in
 .text.usb_standard_set_configuration
                0x08000ae4       0x92 /opt/libopencm3-examples/libopencm3/lib/libopencm3_stm32f1.a(usb_standard.o)
 .text.usb_standard_get_configuration
                0x08000b76       0x22 /opt/libopencm3-examples/libopencm3/lib/libopencm3_stm32f1.a(usb_standard.o)
 .text.usb_standard_get_interface
                0x08000b98       0x34 /opt/libopencm3-examples/libopencm3/lib/libopencm3_stm32f1.a(usb_standard.o)
 .text.usb_standard_interface_get_status
                0x08000bcc       0x18 /opt/libopencm3-examples/libopencm3/lib/libopencm3_stm32f1.a(usb_standard.o)
 .text.usb_standard_endpoint_get_status
                0x08000be4       0x2a /opt/libopencm3-examples/libopencm3/lib/libopencm3_stm32f1.a(usb_standard.o)
 .text.usb_standard_endpoint_stall
                0x08000c0e       0x10 /opt/libopencm3-examples/libopencm3/lib/libopencm3_stm32f1.a(usb_standard.o)
 .text.usb_standard_endpoint_unstall
                0x08000c1e       0x10 /opt/libopencm3-examples/libopencm3/lib/libopencm3_stm32f1.a(usb_standard.o)
 .text.usb_standard_set_address
                0x08000c2e       0x2a /opt/libopencm3-examples/libopencm3/lib/libopencm3_stm32f1.a(usb_standard.o)
 .text.usb_standard_set_interface
                0x08000c58       0x4a /opt/libopencm3-examples/libopencm3/lib/libopencm3_stm32f1.a(usb_standard.o)
 .text.usb_standard_get_descriptor
                0x08000ca2      0x25a /opt/libopencm3-examples/libopencm3/lib/libopencm3_stm32f1.a(usb_standard.o)
 .text.usb_standard_device_get_status
                0x08000efc       0x18 /opt/libopencm3-examples/libopencm3/lib/libopencm3_stm32f1.a(usb_standard.o)
 .text.usbd_register_set_config_callback
                0x08000f14       0x24 /opt/libopencm3-examples/libopencm3/lib/libopencm3_stm32f1.a(usb_standard.o)
                0x08000f14                usbd_register_set_config_callback
 .text._usbd_standard_request_device
                0x08000f38       0x20 /opt/libopencm3-examples/libopencm3/lib/libopencm3_stm32f1.a(usb_standard.o)
                0x08000f38                _usbd_standard_request_device
 .text._usbd_standard_request_interface
                0x08000f58       0x20 /opt/libopencm3-examples/libopencm3/lib/libopencm3_stm32f1.a(usb_standard.o)
                0x08000f58                _usbd_standard_request_interface
 .text._usbd_standard_request_endpoint
                0x08000f78       0x3c /opt/libopencm3-examples/libopencm3/lib/libopencm3_stm32f1.a(usb_standard.o)
                0x08000f78                _usbd_standard_request_endpoint
 .text._usbd_standard_request
                0x08000fb4       0x30 /opt/libopencm3-examples/libopencm3/lib/libopencm3_stm32f1.a(usb_standard.o)
                0x08000fb4                _usbd_standard_request
 .text.stm32f107_usbd_init
                0x08000fe4       0xa0 /opt/libopencm3-examples/libopencm3/lib/libopencm3_stm32f1.a(usb_f107.o)
 .text.blocking_handler
                0x08001084        0x2 /opt/libopencm3-examples/libopencm3/lib/libopencm3_stm32f1.a(vector.o)
                0x08001084                usart3_isr
                0x08001084                rtc_isr
                0x08001084                tim7_isr
                0x08001084                adc1_2_isr
                0x08001084                tim1_trg_com_isr
                0x08001084                usb_hp_can_tx_isr
                0x08001084                tim6_isr
                0x08001084                usb_wakeup_isr
                0x08001084                blocking_handler
                0x08001084                tim5_isr
                0x08001084                otg_fs_isr
                0x08001084                spi1_isr
                0x08001084                exti2_isr
                0x08001084                dma1_channel6_isr
                0x08001084                can_rx1_isr
                0x08001084                dma1_channel5_isr
                0x08001084                dma2_channel5_isr
                0x08001084                usart1_isr
                0x08001084                usage_fault_handler
                0x08001084                tim8_trg_com_isr
                0x08001084                can2_rx0_isr
                0x08001084                tim1_brk_isr
                0x08001084                can2_rx1_isr
                0x08001084                tim1_cc_isr
                0x08001084                sdio_isr
                0x08001084                eth_isr
                0x08001084                dma1_channel4_isr
                0x08001084                tim8_brk_isr
                0x08001084                dma2_channel4_5_isr
                0x08001084                pvd_isr
                0x08001084                rcc_isr
                0x08001084                flash_isr
                0x08001084                uart4_isr
                0x08001084                rtc_alarm_isr
                0x08001084                exti15_10_isr
                0x08001084                hard_fault_handler
                0x08001084                exti1_isr
                0x08001084                i2c1_ev_isr
                0x08001084                dma2_channel1_isr
                0x08001084                spi2_isr
                0x08001084                tim8_up_isr
                0x08001084                dma2_channel2_isr
                0x08001084                exti3_isr
                0x08001084                adc3_isr
                0x08001084                tim3_isr
                0x08001084                usart2_isr
                0x08001084                usb_lp_can_rx0_isr
                0x08001084                i2c2_er_isr
                0x08001084                i2c2_ev_isr
                0x08001084                uart5_isr
                0x08001084                fsmc_isr
                0x08001084                dma1_channel1_isr
                0x08001084                exti4_isr
                0x08001084                mem_manage_handler
                0x08001084                can2_tx_isr
                0x08001084                exti9_5_isr
                0x08001084                dma2_channel3_isr
                0x08001084                dma1_channel7_isr
                0x08001084                tim1_up_isr
                0x08001084                can2_sce_isr
                0x08001084                tim4_isr
                0x08001084                dma1_channel2_isr
                0x08001084                i2c1_er_isr
                0x08001084                can_sce_isr
                0x08001084                tim8_cc_isr
                0x08001084                tamper_isr
                0x08001084                eth_wkup_isr
                0x08001084                bus_fault_handler
                0x08001084                wwdg_isr
                0x08001084                dma1_channel3_isr
                0x08001084                spi3_isr
                0x08001084                tim2_isr
                0x08001084                exti0_isr
 .text.null_handler
                0x08001086        0x2 /opt/libopencm3-examples/libopencm3/lib/libopencm3_stm32f1.a(vector.o)
                0x08001086                null_handler
                0x08001086                sv_call_handler
                0x08001086                pend_sv_handler
                0x08001086                debug_monitor_handler
                0x08001086                sys_tick_handler
                0x08001086                nmi_handler
 .text.reset_handler
                0x08001088       0x90 /opt/libopencm3-examples/libopencm3/lib/libopencm3_stm32f1.a(vector.o)
                0x08001088                reset_handler
 .text.scb_reset_system
                0x08001118       0x10 /opt/libopencm3-examples/libopencm3/lib/libopencm3_stm32f1.a(scb.o)
                0x08001118                scb_reset_system
 .text.stm32fx07_set_address
                0x08001128       0x18 /opt/libopencm3-examples/libopencm3/lib/libopencm3_stm32f1.a(usb_fx07_common.o)
                0x08001128                stm32fx07_set_address
 .text.stm32fx07_ep_setup
                0x08001140      0x130 /opt/libopencm3-examples/libopencm3/lib/libopencm3_stm32f1.a(usb_fx07_common.o)
                0x08001140                stm32fx07_ep_setup
 .text.stm32fx07_endpoints_reset
                0x08001270       0x48 /opt/libopencm3-examples/libopencm3/lib/libopencm3_stm32f1.a(usb_fx07_common.o)
                0x08001270                stm32fx07_endpoints_reset
 .text.stm32fx07_ep_stall_set
                0x080012b8       0x4e /opt/libopencm3-examples/libopencm3/lib/libopencm3_stm32f1.a(usb_fx07_common.o)
                0x080012b8                stm32fx07_ep_stall_set
 .text.stm32fx07_ep_stall_get
                0x08001306       0x1e /opt/libopencm3-examples/libopencm3/lib/libopencm3_stm32f1.a(usb_fx07_common.o)
                0x08001306                stm32fx07_ep_stall_get
 .text.stm32fx07_ep_nak_set
                0x08001324       0x2a /opt/libopencm3-examples/libopencm3/lib/libopencm3_stm32f1.a(usb_fx07_common.o)
                0x08001324                stm32fx07_ep_nak_set
 .text.stm32fx07_ep_write_packet
                0x0800134e       0x54 /opt/libopencm3-examples/libopencm3/lib/libopencm3_stm32f1.a(usb_fx07_common.o)
                0x0800134e                stm32fx07_ep_write_packet
 .text.stm32fx07_ep_read_packet
                0x080013a2       0x86 /opt/libopencm3-examples/libopencm3/lib/libopencm3_stm32f1.a(usb_fx07_common.o)
                0x080013a2                stm32fx07_ep_read_packet
 .text.stm32fx07_poll
                0x08001428      0x12c /opt/libopencm3-examples/libopencm3/lib/libopencm3_stm32f1.a(usb_fx07_common.o)
                0x08001428                stm32fx07_poll
 .text.stm32fx07_disconnect
                0x08001554       0x1c /opt/libopencm3-examples/libopencm3/lib/libopencm3_stm32f1.a(usb_fx07_common.o)
                0x08001554                stm32fx07_disconnect
 .text          0x08001570       0xec /opt/gcc-arm-none-eabi-5_4-2016q3/bin/../lib/gcc/arm-none-eabi/5.4.1/../../../../arm-none-eabi/lib/armv7-m/libc.a(lib_a-memcpy.o)
                0x08001570                memcpy
 .text.strlen   0x0800165c       0x5c /opt/gcc-arm-none-eabi-5_4-2016q3/bin/../lib/gcc/arm-none-eabi/5.4.1/../../../../arm-none-eabi/lib/armv7-m/libc.a(lib_a-strlen-stub.o)
                0x0800165c                strlen
                0x080016b8                . = ALIGN (0x4)
 *(.rodata*)
 .rodata.dev    0x080016b8       0x12 usbdfu.o
                0x080016b8                dev
 .rodata.config
                0x080016ca        0xd usbdfu.o
                0x080016ca                config
 *fill*         0x080016d7        0x1 
 .rodata.ifaces
                0x080016d8       0x10 usbdfu.o
                0x080016d8                ifaces
 .rodata.iface  0x080016e8       0x15 usbdfu.o
                0x080016e8                iface
 .rodata.dfu_function
                0x080016fd        0x9 usbdfu.o
                0x080016fd                dfu_function
 .rodata.str1.1
                0x08001706       0x57 usbdfu.o
 *fill*         0x0800175d        0x3 
 .rodata.CSWTCH.24
                0x08001760       0x28 /opt/libopencm3-examples/libopencm3/lib/libopencm3_stm32f1.a(usb_standard.o)
 .rodata.CSWTCH.26
                0x08001788       0x30 /opt/libopencm3-examples/libopencm3/lib/libopencm3_stm32f1.a(usb_standard.o)
 .rodata.stm32f107_usb_driver
                0x080017b8       0x34 /opt/libopencm3-examples/libopencm3/lib/libopencm3_stm32f1.a(usb_f107.o)
                0x080017b8                stm32f107_usb_driver
                0x080017ec                . = ALIGN (0x4)

.glue_7         0x080017ec        0x0
 .glue_7        0x080017ec        0x0 linker stubs

.glue_7t        0x080017ec        0x0
 .glue_7t       0x080017ec        0x0 linker stubs

.vfp11_veneer   0x080017ec        0x0
 .vfp11_veneer  0x080017ec        0x0 linker stubs

.v4_bx          0x080017ec        0x0
 .v4_bx         0x080017ec        0x0 linker stubs

.iplt           0x080017ec        0x0
 .iplt          0x080017ec        0x0 usbdfu.o

.rel.dyn        0x080017ec        0x0
 .rel.iplt      0x080017ec        0x0 usbdfu.o

.preinit_array  0x080017ec        0x0
                0x080017ec                . = ALIGN (0x4)
                0x080017ec                __preinit_array_start = .
 *(.preinit_array)
                0x080017ec                __preinit_array_end = .

.init_array     0x080017ec        0x0
                0x080017ec                . = ALIGN (0x4)
                0x080017ec                __init_array_start = .
 *(SORT(.init_array.*))
 *(.init_array)
                0x080017ec                __init_array_end = .

.fini_array     0x080017ec        0x0
                0x080017ec                . = ALIGN (0x4)
                0x080017ec                __fini_array_start = .
 *(.fini_array)
 *(SORT(.fini_array.*))
                0x080017ec                __fini_array_end = .

.ARM.extab
 *(.ARM.extab*)

.ARM.exidx      0x080017ec        0x0
                0x080017ec                __exidx_start = .
 *(.ARM.exidx*)
                0x080017ec                __exidx_end = .
                0x080017ec                . = ALIGN (0x4)
                0x080017ec                _etext = .

.data           0x20000000       0x20 load address 0x080017ec
                0x20000000                _data = .
 *(.data*)
 .data.usbdfu_state
                0x20000000        0x1 usbdfu.o
 *fill*         0x20000001        0x3 
 .data.usb_strings
                0x20000004       0x10 usbdfu.o
 .data.rcc_ahb_frequency
                0x20000014        0x4 /opt/libopencm3-examples/libopencm3/lib/libopencm3_stm32f1.a(rcc.o)
                0x20000014                rcc_ahb_frequency
 .data.rcc_apb1_frequency
                0x20000018        0x4 /opt/libopencm3-examples/libopencm3/lib/libopencm3_stm32f1.a(rcc.o)
                0x20000018                rcc_apb1_frequency
 .data.rcc_apb2_frequency
                0x2000001c        0x4 /opt/libopencm3-examples/libopencm3/lib/libopencm3_stm32f1.a(rcc.o)
                0x2000001c                rcc_apb2_frequency
                0x20000020                . = ALIGN (0x4)
                0x20000020                _edata = .
                0x080017ec                _data_loadaddr = LOADADDR (.data)

.igot.plt       0x20000020        0x0 load address 0x0800180c
 .igot.plt      0x20000020        0x0 usbdfu.o

.bss            0x20000020      0x908 load address 0x0800180c
 *(.bss*)
 .bss.usbd_control_buffer
                0x20000020      0x400 usbdfu.o
                0x20000020                usbd_control_buffer
 .bss.prog      0x20000420      0x40c usbdfu.o
 .bss.usbd_dev  0x2000082c       0xfc /opt/libopencm3-examples/libopencm3/lib/libopencm3_stm32f1.a(usb_f107.o)
 *(COMMON)
                0x20000928                . = ALIGN (0x4)
                0x20000928                _ebss = .

/DISCARD/
 *(.eh_frame)
                0x20000928                . = ALIGN (0x4)
                0x20000928                end = .
                0x20001000                PROVIDE (_stack, (ORIGIN (ram) + LENGTH (ram)))
OUTPUT(usbdfu.elf elf32-littlearm)

.debug_info     0x00000000     0x782f
 .debug_info    0x00000000      0xdb3 usbdfu.o
 .debug_info    0x00000db3      0x2ab /opt/libopencm3-examples/libopencm3/lib/libopencm3_stm32f1.a(flash.o)
 .debug_info    0x0000105e      0x1df /opt/libopencm3-examples/libopencm3/lib/libopencm3_stm32f1.a(gpio.o)
 .debug_info    0x0000123d     0x116a /opt/libopencm3-examples/libopencm3/lib/libopencm3_stm32f1.a(rcc.o)
 .debug_info    0x000023a7      0x22c /opt/libopencm3-examples/libopencm3/lib/libopencm3_stm32f1.a(gpio_common_all.o)
 .debug_info    0x000025d3      0x50a /opt/libopencm3-examples/libopencm3/lib/libopencm3_stm32f1.a(rcc_common_all.o)
 .debug_info    0x00002add      0x278 /opt/libopencm3-examples/libopencm3/lib/libopencm3_stm32f1.a(flash_common_f01.o)
 .debug_info    0x00002d55      0xdb1 /opt/libopencm3-examples/libopencm3/lib/libopencm3_stm32f1.a(usb.o)
 .debug_info    0x00003b06      0xed8 /opt/libopencm3-examples/libopencm3/lib/libopencm3_stm32f1.a(usb_control.o)
 .debug_info    0x000049de     0x1449 /opt/libopencm3-examples/libopencm3/lib/libopencm3_stm32f1.a(usb_standard.o)
 .debug_info    0x00005e27      0x95e /opt/libopencm3-examples/libopencm3/lib/libopencm3_stm32f1.a(usb_f107.o)
 .debug_info    0x00006785      0x2a8 /opt/libopencm3-examples/libopencm3/lib/libopencm3_stm32f1.a(vector.o)
 .debug_info    0x00006a2d       0xde /opt/libopencm3-examples/libopencm3/lib/libopencm3_stm32f1.a(scb.o)
 .debug_info    0x00006b0b      0xd24 /opt/libopencm3-examples/libopencm3/lib/libopencm3_stm32f1.a(usb_fx07_common.o)

.debug_abbrev   0x00000000     0x181e
 .debug_abbrev  0x00000000      0x2d0 usbdfu.o
 .debug_abbrev  0x000002d0      0x11a /opt/libopencm3-examples/libopencm3/lib/libopencm3_stm32f1.a(flash.o)
 .debug_abbrev  0x000003ea       0xb7 /opt/libopencm3-examples/libopencm3/lib/libopencm3_stm32f1.a(gpio.o)
 .debug_abbrev  0x000004a1      0x272 /opt/libopencm3-examples/libopencm3/lib/libopencm3_stm32f1.a(rcc.o)
 .debug_abbrev  0x00000713      0x10e /opt/libopencm3-examples/libopencm3/lib/libopencm3_stm32f1.a(gpio_common_all.o)
 .debug_abbrev  0x00000821      0x105 /opt/libopencm3-examples/libopencm3/lib/libopencm3_stm32f1.a(rcc_common_all.o)
 .debug_abbrev  0x00000926       0xcd /opt/libopencm3-examples/libopencm3/lib/libopencm3_stm32f1.a(flash_common_f01.o)
 .debug_abbrev  0x000009f3      0x1f2 /opt/libopencm3-examples/libopencm3/lib/libopencm3_stm32f1.a(usb.o)
 .debug_abbrev  0x00000be5      0x317 /opt/libopencm3-examples/libopencm3/lib/libopencm3_stm32f1.a(usb_control.o)
 .debug_abbrev  0x00000efc      0x3da /opt/libopencm3-examples/libopencm3/lib/libopencm3_stm32f1.a(usb_standard.o)
 .debug_abbrev  0x000012d6      0x11f /opt/libopencm3-examples/libopencm3/lib/libopencm3_stm32f1.a(usb_f107.o)
 .debug_abbrev  0x000013f5      0x146 /opt/libopencm3-examples/libopencm3/lib/libopencm3_stm32f1.a(vector.o)
 .debug_abbrev  0x0000153b       0x7c /opt/libopencm3-examples/libopencm3/lib/libopencm3_stm32f1.a(scb.o)
 .debug_abbrev  0x000015b7      0x267 /opt/libopencm3-examples/libopencm3/lib/libopencm3_stm32f1.a(usb_fx07_common.o)

.debug_loc      0x00000000     0x3160
 .debug_loc     0x00000000      0x4ff usbdfu.o
 .debug_loc     0x000004ff       0x9c /opt/libopencm3-examples/libopencm3/lib/libopencm3_stm32f1.a(flash.o)
 .debug_loc     0x0000059b      0x19f /opt/libopencm3-examples/libopencm3/lib/libopencm3_stm32f1.a(gpio.o)
 .debug_loc     0x0000073a      0x4ba /opt/libopencm3-examples/libopencm3/lib/libopencm3_stm32f1.a(rcc.o)
 .debug_loc     0x00000bf4       0x97 /opt/libopencm3-examples/libopencm3/lib/libopencm3_stm32f1.a(gpio_common_all.o)
 .debug_loc     0x00000c8b      0x108 /opt/libopencm3-examples/libopencm3/lib/libopencm3_stm32f1.a(rcc_common_all.o)
 .debug_loc     0x00000d93       0xd3 /opt/libopencm3-examples/libopencm3/lib/libopencm3_stm32f1.a(flash_common_f01.o)
 .debug_loc     0x00000e66      0x4b1 /opt/libopencm3-examples/libopencm3/lib/libopencm3_stm32f1.a(usb.o)
 .debug_loc     0x00001317      0x58d /opt/libopencm3-examples/libopencm3/lib/libopencm3_stm32f1.a(usb_control.o)
 .debug_loc     0x000018a4     0x1148 /opt/libopencm3-examples/libopencm3/lib/libopencm3_stm32f1.a(usb_standard.o)
 .debug_loc     0x000029ec       0xdf /opt/libopencm3-examples/libopencm3/lib/libopencm3_stm32f1.a(vector.o)
 .debug_loc     0x00002acb       0x21 /opt/libopencm3-examples/libopencm3/lib/libopencm3_stm32f1.a(scb.o)
 .debug_loc     0x00002aec      0x674 /opt/libopencm3-examples/libopencm3/lib/libopencm3_stm32f1.a(usb_fx07_common.o)

.debug_aranges  0x00000000      0x5f0
 .debug_aranges
                0x00000000       0x38 usbdfu.o
 .debug_aranges
                0x00000038       0x80 /opt/libopencm3-examples/libopencm3/lib/libopencm3_stm32f1.a(flash.o)
 .debug_aranges
                0x000000b8       0x38 /opt/libopencm3-examples/libopencm3/lib/libopencm3_stm32f1.a(gpio.o)
 .debug_aranges
                0x000000f0      0x168 /opt/libopencm3-examples/libopencm3/lib/libopencm3_stm32f1.a(rcc.o)
 .debug_aranges
                0x00000258       0x50 /opt/libopencm3-examples/libopencm3/lib/libopencm3_stm32f1.a(gpio_common_all.o)
 .debug_aranges
                0x000002a8       0x58 /opt/libopencm3-examples/libopencm3/lib/libopencm3_stm32f1.a(rcc_common_all.o)
 .debug_aranges
                0x00000300       0x88 /opt/libopencm3-examples/libopencm3/lib/libopencm3_stm32f1.a(flash_common_f01.o)
 .debug_aranges
                0x00000388       0x88 /opt/libopencm3-examples/libopencm3/lib/libopencm3_stm32f1.a(usb.o)
 .debug_aranges
                0x00000410       0x60 /opt/libopencm3-examples/libopencm3/lib/libopencm3_stm32f1.a(usb_control.o)
 .debug_aranges
                0x00000470       0x98 /opt/libopencm3-examples/libopencm3/lib/libopencm3_stm32f1.a(usb_standard.o)
 .debug_aranges
                0x00000508       0x20 /opt/libopencm3-examples/libopencm3/lib/libopencm3_stm32f1.a(usb_f107.o)
 .debug_aranges
                0x00000528       0x30 /opt/libopencm3-examples/libopencm3/lib/libopencm3_stm32f1.a(vector.o)
 .debug_aranges
                0x00000558       0x30 /opt/libopencm3-examples/libopencm3/lib/libopencm3_stm32f1.a(scb.o)
 .debug_aranges
                0x00000588       0x68 /opt/libopencm3-examples/libopencm3/lib/libopencm3_stm32f1.a(usb_fx07_common.o)

.debug_ranges   0x00000000      0x608
 .debug_ranges  0x00000000       0x40 usbdfu.o
 .debug_ranges  0x00000040       0x70 /opt/libopencm3-examples/libopencm3/lib/libopencm3_stm32f1.a(flash.o)
 .debug_ranges  0x000000b0       0x28 /opt/libopencm3-examples/libopencm3/lib/libopencm3_stm32f1.a(gpio.o)
 .debug_ranges  0x000000d8      0x1b8 /opt/libopencm3-examples/libopencm3/lib/libopencm3_stm32f1.a(rcc.o)
 .debug_ranges  0x00000290       0x40 /opt/libopencm3-examples/libopencm3/lib/libopencm3_stm32f1.a(gpio_common_all.o)
 .debug_ranges  0x000002d0       0x48 /opt/libopencm3-examples/libopencm3/lib/libopencm3_stm32f1.a(rcc_common_all.o)
 .debug_ranges  0x00000318       0x78 /opt/libopencm3-examples/libopencm3/lib/libopencm3_stm32f1.a(flash_common_f01.o)
 .debug_ranges  0x00000390       0x78 /opt/libopencm3-examples/libopencm3/lib/libopencm3_stm32f1.a(usb.o)
 .debug_ranges  0x00000408       0x68 /opt/libopencm3-examples/libopencm3/lib/libopencm3_stm32f1.a(usb_control.o)
 .debug_ranges  0x00000470       0xf0 /opt/libopencm3-examples/libopencm3/lib/libopencm3_stm32f1.a(usb_standard.o)
 .debug_ranges  0x00000560       0x10 /opt/libopencm3-examples/libopencm3/lib/libopencm3_stm32f1.a(usb_f107.o)
 .debug_ranges  0x00000570       0x20 /opt/libopencm3-examples/libopencm3/lib/libopencm3_stm32f1.a(vector.o)
 .debug_ranges  0x00000590       0x20 /opt/libopencm3-examples/libopencm3/lib/libopencm3_stm32f1.a(scb.o)
 .debug_ranges  0x000005b0       0x58 /opt/libopencm3-examples/libopencm3/lib/libopencm3_stm32f1.a(usb_fx07_common.o)

.debug_line     0x00000000     0x3548
 .debug_line    0x00000000      0x2b8 usbdfu.o
 .debug_line    0x000002b8      0x3b6 /opt/libopencm3-examples/libopencm3/lib/libopencm3_stm32f1.a(flash.o)
 .debug_line    0x0000066e      0x2ea /opt/libopencm3-examples/libopencm3/lib/libopencm3_stm32f1.a(gpio.o)
 .debug_line    0x00000958      0x698 /opt/libopencm3-examples/libopencm3/lib/libopencm3_stm32f1.a(rcc.o)
 .debug_line    0x00000ff0      0x31e /opt/libopencm3-examples/libopencm3/lib/libopencm3_stm32f1.a(gpio_common_all.o)
 .debug_line    0x0000130e      0x323 /opt/libopencm3-examples/libopencm3/lib/libopencm3_stm32f1.a(rcc_common_all.o)
 .debug_line    0x00001631      0x3a9 /opt/libopencm3-examples/libopencm3/lib/libopencm3_stm32f1.a(flash_common_f01.o)
 .debug_line    0x000019da      0x3bc /opt/libopencm3-examples/libopencm3/lib/libopencm3_stm32f1.a(usb.o)
 .debug_line    0x00001d96      0x3f5 /opt/libopencm3-examples/libopencm3/lib/libopencm3_stm32f1.a(usb_control.o)
 .debug_line    0x0000218b      0x535 /opt/libopencm3-examples/libopencm3/lib/libopencm3_stm32f1.a(usb_standard.o)
 .debug_line    0x000026c0      0x38f /opt/libopencm3-examples/libopencm3/lib/libopencm3_stm32f1.a(usb_f107.o)
 .debug_line    0x00002a4f      0x330 /opt/libopencm3-examples/libopencm3/lib/libopencm3_stm32f1.a(vector.o)
 .debug_line    0x00002d7f      0x2ab /opt/libopencm3-examples/libopencm3/lib/libopencm3_stm32f1.a(scb.o)
 .debug_line    0x0000302a      0x51e /opt/libopencm3-examples/libopencm3/lib/libopencm3_stm32f1.a(usb_fx07_common.o)

.debug_str      0x00000000    0x160a3
 .debug_str     0x00000000      0xb21 usbdfu.o
                                0xc3d (size before relaxing)
 .debug_str     0x00000b21     0x4baa /opt/libopencm3-examples/libopencm3/lib/libopencm3_stm32f1.a(flash.o)
                               0x4d86 (size before relaxing)
 .debug_str     0x000056cb     0x3811 /opt/libopencm3-examples/libopencm3/lib/libopencm3_stm32f1.a(gpio.o)
                               0x7c52 (size before relaxing)
 .debug_str     0x00008edc     0x28fb /opt/libopencm3-examples/libopencm3/lib/libopencm3_stm32f1.a(rcc.o)
                               0x74a9 (size before relaxing)
 .debug_str     0x0000b7d7       0x68 /opt/libopencm3-examples/libopencm3/lib/libopencm3_stm32f1.a(gpio_common_all.o)
                               0x7c46 (size before relaxing)
 .debug_str     0x0000b83f      0x2f5 /opt/libopencm3-examples/libopencm3/lib/libopencm3_stm32f1.a(rcc_common_all.o)
                               0x6d1f (size before relaxing)
 .debug_str     0x0000bb34       0xb9 /opt/libopencm3-examples/libopencm3/lib/libopencm3_stm32f1.a(flash_common_f01.o)
                               0x4cf9 (size before relaxing)
 .debug_str     0x0000bbed     0x34e7 /opt/libopencm3-examples/libopencm3/lib/libopencm3_stm32f1.a(usb.o)
                               0x70f5 (size before relaxing)
 .debug_str     0x0000f0d4      0x241 /opt/libopencm3-examples/libopencm3/lib/libopencm3_stm32f1.a(usb_control.o)
                               0x71b5 (size before relaxing)
 .debug_str     0x0000f315      0x292 /opt/libopencm3-examples/libopencm3/lib/libopencm3_stm32f1.a(usb_standard.o)
                               0x728c (size before relaxing)
 .debug_str     0x0000f5a7     0x334a /opt/libopencm3-examples/libopencm3/lib/libopencm3_stm32f1.a(usb_f107.o)
                               0xaf8f (size before relaxing)
 .debug_str     0x000128f1     0x24ed /opt/libopencm3-examples/libopencm3/lib/libopencm3_stm32f1.a(vector.o)
                               0x5da4 (size before relaxing)
 .debug_str     0x00014dde       0x42 /opt/libopencm3-examples/libopencm3/lib/libopencm3_stm32f1.a(scb.o)
                               0x7581 (size before relaxing)
 .debug_str     0x00014e20     0x1283 /opt/libopencm3-examples/libopencm3/lib/libopencm3_stm32f1.a(usb_fx07_common.o)
                               0xc24f (size before relaxing)

.comment        0x00000000       0x6e
 .comment       0x00000000       0x6e usbdfu.o
                                 0x6f (size before relaxing)
 .comment       0x0000006e       0x6f /opt/libopencm3-examples/libopencm3/lib/libopencm3_stm32f1.a(flash.o)
 .comment       0x0000006e       0x6f /opt/libopencm3-examples/libopencm3/lib/libopencm3_stm32f1.a(gpio.o)
 .comment       0x0000006e       0x6f /opt/libopencm3-examples/libopencm3/lib/libopencm3_stm32f1.a(rcc.o)
 .comment       0x0000006e       0x6f /opt/libopencm3-examples/libopencm3/lib/libopencm3_stm32f1.a(gpio_common_all.o)
 .comment       0x0000006e       0x6f /opt/libopencm3-examples/libopencm3/lib/libopencm3_stm32f1.a(rcc_common_all.o)
 .comment       0x0000006e       0x6f /opt/libopencm3-examples/libopencm3/lib/libopencm3_stm32f1.a(flash_common_f01.o)
 .comment       0x0000006e       0x6f /opt/libopencm3-examples/libopencm3/lib/libopencm3_stm32f1.a(usb.o)
 .comment       0x0000006e       0x6f /opt/libopencm3-examples/libopencm3/lib/libopencm3_stm32f1.a(usb_control.o)
 .comment       0x0000006e       0x6f /opt/libopencm3-examples/libopencm3/lib/libopencm3_stm32f1.a(usb_standard.o)
 .comment       0x0000006e       0x6f /opt/libopencm3-examples/libopencm3/lib/libopencm3_stm32f1.a(usb_f107.o)
 .comment       0x0000006e       0x6f /opt/libopencm3-examples/libopencm3/lib/libopencm3_stm32f1.a(vector.o)
 .comment       0x0000006e       0x6f /opt/libopencm3-examples/libopencm3/lib/libopencm3_stm32f1.a(scb.o)
 .comment       0x0000006e       0x6f /opt/libopencm3-examples/libopencm3/lib/libopencm3_stm32f1.a(usb_fx07_common.o)

.ARM.attributes
                0x00000000       0x31
 .ARM.attributes
                0x00000000       0x33 usbdfu.o
 .ARM.attributes
                0x00000033       0x33 /opt/libopencm3-examples/libopencm3/lib/libopencm3_stm32f1.a(flash.o)
 .ARM.attributes
                0x00000066       0x33 /opt/libopencm3-examples/libopencm3/lib/libopencm3_stm32f1.a(gpio.o)
 .ARM.attributes
                0x00000099       0x33 /opt/libopencm3-examples/libopencm3/lib/libopencm3_stm32f1.a(rcc.o)
 .ARM.attributes
                0x000000cc       0x33 /opt/libopencm3-examples/libopencm3/lib/libopencm3_stm32f1.a(gpio_common_all.o)
 .ARM.attributes
                0x000000ff       0x33 /opt/libopencm3-examples/libopencm3/lib/libopencm3_stm32f1.a(rcc_common_all.o)
 .ARM.attributes
                0x00000132       0x33 /opt/libopencm3-examples/libopencm3/lib/libopencm3_stm32f1.a(flash_common_f01.o)
 .ARM.attributes
                0x00000165       0x33 /opt/libopencm3-examples/libopencm3/lib/libopencm3_stm32f1.a(usb.o)
 .ARM.attributes
                0x00000198       0x33 /opt/libopencm3-examples/libopencm3/lib/libopencm3_stm32f1.a(usb_control.o)
 .ARM.attributes
                0x000001cb       0x33 /opt/libopencm3-examples/libopencm3/lib/libopencm3_stm32f1.a(usb_standard.o)
 .ARM.attributes
                0x000001fe       0x33 /opt/libopencm3-examples/libopencm3/lib/libopencm3_stm32f1.a(usb_f107.o)
 .ARM.attributes
                0x00000231       0x33 /opt/libopencm3-examples/libopencm3/lib/libopencm3_stm32f1.a(vector.o)
 .ARM.attributes
                0x00000264       0x33 /opt/libopencm3-examples/libopencm3/lib/libopencm3_stm32f1.a(scb.o)
 .ARM.attributes
                0x00000297       0x33 /opt/libopencm3-examples/libopencm3/lib/libopencm3_stm32f1.a(usb_fx07_common.o)
 .ARM.attributes
                0x000002ca       0x1b /opt/gcc-arm-none-eabi-5_4-2016q3/bin/../lib/gcc/arm-none-eabi/5.4.1/../../../../arm-none-eabi/lib/armv7-m/libc.a(lib_a-memcpy.o)
 .ARM.attributes
                0x000002e5       0x2d /opt/gcc-arm-none-eabi-5_4-2016q3/bin/../lib/gcc/arm-none-eabi/5.4.1/../../../../arm-none-eabi/lib/armv7-m/libc.a(lib_a-strlen-stub.o)

.debug_frame    0x00000000      0xd88
 .debug_frame   0x00000000       0x74 usbdfu.o
 .debug_frame   0x00000074      0x10c /opt/libopencm3-examples/libopencm3/lib/libopencm3_stm32f1.a(flash.o)
 .debug_frame   0x00000180       0x64 /opt/libopencm3-examples/libopencm3/lib/libopencm3_stm32f1.a(gpio.o)
 .debug_frame   0x000001e4      0x300 /opt/libopencm3-examples/libopencm3/lib/libopencm3_stm32f1.a(rcc.o)
 .debug_frame   0x000004e4       0x80 /opt/libopencm3-examples/libopencm3/lib/libopencm3_stm32f1.a(gpio_common_all.o)
 .debug_frame   0x00000564       0xb0 /opt/libopencm3-examples/libopencm3/lib/libopencm3_stm32f1.a(rcc_common_all.o)
 .debug_frame   0x00000614      0x120 /opt/libopencm3-examples/libopencm3/lib/libopencm3_stm32f1.a(flash_common_f01.o)
 .debug_frame   0x00000734      0x13c /opt/libopencm3-examples/libopencm3/lib/libopencm3_stm32f1.a(usb.o)
 .debug_frame   0x00000870      0x154 /opt/libopencm3-examples/libopencm3/lib/libopencm3_stm32f1.a(usb_control.o)
 .debug_frame   0x000009c4      0x1ec /opt/libopencm3-examples/libopencm3/lib/libopencm3_stm32f1.a(usb_standard.o)
 .debug_frame   0x00000bb0       0x20 /opt/libopencm3-examples/libopencm3/lib/libopencm3_stm32f1.a(usb_f107.o)
 .debug_frame   0x00000bd0       0x40 /opt/libopencm3-examples/libopencm3/lib/libopencm3_stm32f1.a(vector.o)
 .debug_frame   0x00000c10       0x40 /opt/libopencm3-examples/libopencm3/lib/libopencm3_stm32f1.a(scb.o)
 .debug_frame   0x00000c50      0x118 /opt/libopencm3-examples/libopencm3/lib/libopencm3_stm32f1.a(usb_fx07_common.o)
 .debug_frame   0x00000d68       0x20 /opt/gcc-arm-none-eabi-5_4-2016q3/bin/../lib/gcc/arm-none-eabi/5.4.1/../../../../arm-none-eabi/lib/armv7-m/libc.a(lib_a-strlen-stub.o)

.debug_macro    0x00000000     0x5686
 .debug_macro   0x00000000       0xc9 /opt/libopencm3-examples/libopencm3/lib/libopencm3_stm32f1.a(flash.o)
 .debug_macro   0x000000c9      0x874 /opt/libopencm3-examples/libopencm3/lib/libopencm3_stm32f1.a(flash.o)
 .debug_macro   0x0000093d       0x22 /opt/libopencm3-examples/libopencm3/lib/libopencm3_stm32f1.a(flash.o)
 .debug_macro   0x0000095f       0x87 /opt/libopencm3-examples/libopencm3/lib/libopencm3_stm32f1.a(flash.o)
 .debug_macro   0x000009e6       0x44 /opt/libopencm3-examples/libopencm3/lib/libopencm3_stm32f1.a(flash.o)
 .debug_macro   0x00000a2a       0xfd /opt/libopencm3-examples/libopencm3/lib/libopencm3_stm32f1.a(flash.o)
 .debug_macro   0x00000b27       0x5e /opt/libopencm3-examples/libopencm3/lib/libopencm3_stm32f1.a(flash.o)
 .debug_macro   0x00000b85      0x1df /opt/libopencm3-examples/libopencm3/lib/libopencm3_stm32f1.a(flash.o)
 .debug_macro   0x00000d64       0x22 /opt/libopencm3-examples/libopencm3/lib/libopencm3_stm32f1.a(flash.o)
 .debug_macro   0x00000d86       0xfa /opt/libopencm3-examples/libopencm3/lib/libopencm3_stm32f1.a(flash.o)
 .debug_macro   0x00000e80       0x58 /opt/libopencm3-examples/libopencm3/lib/libopencm3_stm32f1.a(flash.o)
 .debug_macro   0x00000ed8      0x1b4 /opt/libopencm3-examples/libopencm3/lib/libopencm3_stm32f1.a(flash.o)
 .debug_macro   0x0000108c       0xdc /opt/libopencm3-examples/libopencm3/lib/libopencm3_stm32f1.a(flash.o)
 .debug_macro   0x00001168       0x82 /opt/libopencm3-examples/libopencm3/lib/libopencm3_stm32f1.a(flash.o)
 .debug_macro   0x000011ea       0xb9 /opt/libopencm3-examples/libopencm3/lib/libopencm3_stm32f1.a(gpio.o)
 .debug_macro   0x000012a3       0x76 /opt/libopencm3-examples/libopencm3/lib/libopencm3_stm32f1.a(gpio.o)
 .debug_macro   0x00001319      0xdfd /opt/libopencm3-examples/libopencm3/lib/libopencm3_stm32f1.a(gpio.o)
 .debug_macro   0x00002116       0xe0 /opt/libopencm3-examples/libopencm3/lib/libopencm3_stm32f1.a(rcc.o)
 .debug_macro   0x000021f6       0x16 /opt/libopencm3-examples/libopencm3/lib/libopencm3_stm32f1.a(rcc.o)
 .debug_macro   0x0000220c      0x825 /opt/libopencm3-examples/libopencm3/lib/libopencm3_stm32f1.a(rcc.o)
 .debug_macro   0x00002a31       0xb9 /opt/libopencm3-examples/libopencm3/lib/libopencm3_stm32f1.a(gpio_common_all.o)
 .debug_macro   0x00002aea       0xcf /opt/libopencm3-examples/libopencm3/lib/libopencm3_stm32f1.a(rcc_common_all.o)
 .debug_macro   0x00002bb9       0xb9 /opt/libopencm3-examples/libopencm3/lib/libopencm3_stm32f1.a(flash_common_f01.o)
 .debug_macro   0x00002c72      0x154 /opt/libopencm3-examples/libopencm3/lib/libopencm3_stm32f1.a(usb.o)
 .debug_macro   0x00002dc6       0x4c /opt/libopencm3-examples/libopencm3/lib/libopencm3_stm32f1.a(usb.o)
 .debug_macro   0x00002e12       0x8d /opt/libopencm3-examples/libopencm3/lib/libopencm3_stm32f1.a(usb.o)
 .debug_macro   0x00002e9f       0x35 /opt/libopencm3-examples/libopencm3/lib/libopencm3_stm32f1.a(usb.o)
 .debug_macro   0x00002ed4       0x9c /opt/libopencm3-examples/libopencm3/lib/libopencm3_stm32f1.a(usb.o)
 .debug_macro   0x00002f70      0x174 /opt/libopencm3-examples/libopencm3/lib/libopencm3_stm32f1.a(usb.o)
 .debug_macro   0x000030e4       0x4a /opt/libopencm3-examples/libopencm3/lib/libopencm3_stm32f1.a(usb.o)
 .debug_macro   0x0000312e       0x52 /opt/libopencm3-examples/libopencm3/lib/libopencm3_stm32f1.a(usb.o)
 .debug_macro   0x00003180       0x1f /opt/libopencm3-examples/libopencm3/lib/libopencm3_stm32f1.a(usb.o)
 .debug_macro   0x0000319f       0x43 /opt/libopencm3-examples/libopencm3/lib/libopencm3_stm32f1.a(usb.o)
 .debug_macro   0x000031e2       0x20 /opt/libopencm3-examples/libopencm3/lib/libopencm3_stm32f1.a(usb.o)
 .debug_macro   0x00003202      0x187 /opt/libopencm3-examples/libopencm3/lib/libopencm3_stm32f1.a(usb.o)
 .debug_macro   0x00003389      0x30d /opt/libopencm3-examples/libopencm3/lib/libopencm3_stm32f1.a(usb.o)
 .debug_macro   0x00003696       0x10 /opt/libopencm3-examples/libopencm3/lib/libopencm3_stm32f1.a(usb.o)
 .debug_macro   0x000036a6       0x35 /opt/libopencm3-examples/libopencm3/lib/libopencm3_stm32f1.a(usb.o)
 .debug_macro   0x000036db      0x196 /opt/libopencm3-examples/libopencm3/lib/libopencm3_stm32f1.a(usb.o)
 .debug_macro   0x00003871       0x10 /opt/libopencm3-examples/libopencm3/lib/libopencm3_stm32f1.a(usb.o)
 .debug_macro   0x00003881       0x1c /opt/libopencm3-examples/libopencm3/lib/libopencm3_stm32f1.a(usb.o)
 .debug_macro   0x0000389d      0x161 /opt/libopencm3-examples/libopencm3/lib/libopencm3_stm32f1.a(usb_control.o)
 .debug_macro   0x000039fe       0x16 /opt/libopencm3-examples/libopencm3/lib/libopencm3_stm32f1.a(usb_control.o)
 .debug_macro   0x00003a14      0x10e /opt/libopencm3-examples/libopencm3/lib/libopencm3_stm32f1.a(usb_control.o)
 .debug_macro   0x00003b22       0x8d /opt/libopencm3-examples/libopencm3/lib/libopencm3_stm32f1.a(usb_control.o)
 .debug_macro   0x00003baf       0x16 /opt/libopencm3-examples/libopencm3/lib/libopencm3_stm32f1.a(usb_control.o)
 .debug_macro   0x00003bc5       0x29 /opt/libopencm3-examples/libopencm3/lib/libopencm3_stm32f1.a(usb_control.o)
 .debug_macro   0x00003bee      0x154 /opt/libopencm3-examples/libopencm3/lib/libopencm3_stm32f1.a(usb_standard.o)
 .debug_macro   0x00003d42      0x1a1 /opt/libopencm3-examples/libopencm3/lib/libopencm3_stm32f1.a(usb_f107.o)
 .debug_macro   0x00003ee3       0x3a /opt/libopencm3-examples/libopencm3/lib/libopencm3_stm32f1.a(usb_f107.o)
 .debug_macro   0x00003f1d      0x8c9 /opt/libopencm3-examples/libopencm3/lib/libopencm3_stm32f1.a(usb_f107.o)
 .debug_macro   0x000047e6      0x130 /opt/libopencm3-examples/libopencm3/lib/libopencm3_stm32f1.a(usb_f107.o)
 .debug_macro   0x00004916      0x19c /opt/libopencm3-examples/libopencm3/lib/libopencm3_stm32f1.a(usb_f107.o)
 .debug_macro   0x00004ab2       0xd0 /opt/libopencm3-examples/libopencm3/lib/libopencm3_stm32f1.a(vector.o)
 .debug_macro   0x00004b82      0x3a1 /opt/libopencm3-examples/libopencm3/lib/libopencm3_stm32f1.a(vector.o)
 .debug_macro   0x00004f23       0x6a /opt/libopencm3-examples/libopencm3/lib/libopencm3_stm32f1.a(vector.o)
 .debug_macro   0x00004f8d      0x1a2 /opt/libopencm3-examples/libopencm3/lib/libopencm3_stm32f1.a(vector.o)
 .debug_macro   0x0000512f      0x152 /opt/libopencm3-examples/libopencm3/lib/libopencm3_stm32f1.a(scb.o)
 .debug_macro   0x00005281      0x1b6 /opt/libopencm3-examples/libopencm3/lib/libopencm3_stm32f1.a(usb_fx07_common.o)
 .debug_macro   0x00005437      0x24f /opt/libopencm3-examples/libopencm3/lib/libopencm3_stm32f1.a(usb_fx07_common.o)
